Archive member included to satisfy reference by file (symbol)

c:/ac6/systemworkbench/plugins/fr.ac6.mcu.externaltools.arm-none.win32_1.17.0.201812190825/tools/compiler/bin/../lib/gcc/arm-none-eabi/7.3.1/../../../../arm-none-eabi/lib/thumb/v7-m\libm.a(lib_a-w_log.o)
                              Src/LTC6804.o (log)
c:/ac6/systemworkbench/plugins/fr.ac6.mcu.externaltools.arm-none.win32_1.17.0.201812190825/tools/compiler/bin/../lib/gcc/arm-none-eabi/7.3.1/../../../../arm-none-eabi/lib/thumb/v7-m\libm.a(lib_a-e_log.o)
                              c:/ac6/systemworkbench/plugins/fr.ac6.mcu.externaltools.arm-none.win32_1.17.0.201812190825/tools/compiler/bin/../lib/gcc/arm-none-eabi/7.3.1/../../../../arm-none-eabi/lib/thumb/v7-m\libm.a(lib_a-w_log.o) (__ieee754_log)
c:/ac6/systemworkbench/plugins/fr.ac6.mcu.externaltools.arm-none.win32_1.17.0.201812190825/tools/compiler/bin/../lib/gcc/arm-none-eabi/7.3.1/../../../../arm-none-eabi/lib/thumb/v7-m\libm.a(lib_a-s_lib_ver.o)
                              c:/ac6/systemworkbench/plugins/fr.ac6.mcu.externaltools.arm-none.win32_1.17.0.201812190825/tools/compiler/bin/../lib/gcc/arm-none-eabi/7.3.1/../../../../arm-none-eabi/lib/thumb/v7-m\libm.a(lib_a-w_log.o) (__fdlib_version)
c:/ac6/systemworkbench/plugins/fr.ac6.mcu.externaltools.arm-none.win32_1.17.0.201812190825/tools/compiler/bin/../lib/gcc/arm-none-eabi/7.3.1/../../../../arm-none-eabi/lib/thumb/v7-m\libm.a(lib_a-s_matherr.o)
                              c:/ac6/systemworkbench/plugins/fr.ac6.mcu.externaltools.arm-none.win32_1.17.0.201812190825/tools/compiler/bin/../lib/gcc/arm-none-eabi/7.3.1/../../../../arm-none-eabi/lib/thumb/v7-m\libm.a(lib_a-w_log.o) (matherr)
c:/ac6/systemworkbench/plugins/fr.ac6.mcu.externaltools.arm-none.win32_1.17.0.201812190825/tools/compiler/bin/../lib/gcc/arm-none-eabi/7.3.1/../../../../arm-none-eabi/lib/thumb/v7-m\libm.a(lib_a-s_nan.o)
                              c:/ac6/systemworkbench/plugins/fr.ac6.mcu.externaltools.arm-none.win32_1.17.0.201812190825/tools/compiler/bin/../lib/gcc/arm-none-eabi/7.3.1/../../../../arm-none-eabi/lib/thumb/v7-m\libm.a(lib_a-w_log.o) (nan)
c:/ac6/systemworkbench/plugins/fr.ac6.mcu.externaltools.arm-none.win32_1.17.0.201812190825/tools/compiler/bin/../lib/gcc/arm-none-eabi/7.3.1/thumb/v7-m\libgcc.a(_arm_addsubdf3.o)
                              Src/BMS.o (__aeabi_dsub)
c:/ac6/systemworkbench/plugins/fr.ac6.mcu.externaltools.arm-none.win32_1.17.0.201812190825/tools/compiler/bin/../lib/gcc/arm-none-eabi/7.3.1/thumb/v7-m\libgcc.a(_arm_muldivdf3.o)
                              Src/BMS.o (__aeabi_dmul)
c:/ac6/systemworkbench/plugins/fr.ac6.mcu.externaltools.arm-none.win32_1.17.0.201812190825/tools/compiler/bin/../lib/gcc/arm-none-eabi/7.3.1/thumb/v7-m\libgcc.a(_arm_cmpdf2.o)
                              c:/ac6/systemworkbench/plugins/fr.ac6.mcu.externaltools.arm-none.win32_1.17.0.201812190825/tools/compiler/bin/../lib/gcc/arm-none-eabi/7.3.1/../../../../arm-none-eabi/lib/thumb/v7-m\libm.a(lib_a-w_log.o) (__aeabi_dcmpeq)
c:/ac6/systemworkbench/plugins/fr.ac6.mcu.externaltools.arm-none.win32_1.17.0.201812190825/tools/compiler/bin/../lib/gcc/arm-none-eabi/7.3.1/thumb/v7-m\libgcc.a(_arm_unorddf2.o)
                              c:/ac6/systemworkbench/plugins/fr.ac6.mcu.externaltools.arm-none.win32_1.17.0.201812190825/tools/compiler/bin/../lib/gcc/arm-none-eabi/7.3.1/../../../../arm-none-eabi/lib/thumb/v7-m\libm.a(lib_a-w_log.o) (__aeabi_dcmpun)
c:/ac6/systemworkbench/plugins/fr.ac6.mcu.externaltools.arm-none.win32_1.17.0.201812190825/tools/compiler/bin/../lib/gcc/arm-none-eabi/7.3.1/thumb/v7-m\libgcc.a(_arm_fixdfsi.o)
                              Src/BMS.o (__aeabi_d2iz)
c:/ac6/systemworkbench/plugins/fr.ac6.mcu.externaltools.arm-none.win32_1.17.0.201812190825/tools/compiler/bin/../lib/gcc/arm-none-eabi/7.3.1/thumb/v7-m\libgcc.a(_arm_fixunsdfsi.o)
                              Src/LTC6804.o (__aeabi_d2uiz)
c:/ac6/systemworkbench/plugins/fr.ac6.mcu.externaltools.arm-none.win32_1.17.0.201812190825/tools/compiler/bin/../lib/gcc/arm-none-eabi/7.3.1/thumb/v7-m\libgcc.a(_arm_truncdfsf2.o)
                              Src/BMS.o (__aeabi_d2f)
c:/ac6/systemworkbench/plugins/fr.ac6.mcu.externaltools.arm-none.win32_1.17.0.201812190825/tools/compiler/bin/../lib/gcc/arm-none-eabi/7.3.1/thumb/v7-m\libgcc.a(_arm_addsubsf3.o)
                              Src/BMS.o (__aeabi_fsub)
c:/ac6/systemworkbench/plugins/fr.ac6.mcu.externaltools.arm-none.win32_1.17.0.201812190825/tools/compiler/bin/../lib/gcc/arm-none-eabi/7.3.1/thumb/v7-m\libgcc.a(_arm_muldivsf3.o)
                              Src/USART.o (__aeabi_fmul)
c:/ac6/systemworkbench/plugins/fr.ac6.mcu.externaltools.arm-none.win32_1.17.0.201812190825/tools/compiler/bin/../lib/gcc/arm-none-eabi/7.3.1/thumb/v7-m\libgcc.a(_arm_cmpsf2.o)
                              Src/BMS.o (__aeabi_fcmplt)
[...]
Memory Configuration

Name             Origin             Length             Attributes
RAM              0x20000000         0x00005000         xrw
FLASH            0x08000000         0x00010000         xr
*default*        0x00000000         0xffffffff

Linker script and memory map

LOAD c:/ac6/systemworkbench/plugins/fr.ac6.mcu.externaltools.arm-none.win32_1.17.0.201812190825/tools/compiler/bin/../lib/gcc/arm-none-eabi/7.3.1/thumb/v7-m/crti.o
LOAD c:/ac6/systemworkbench/plugins/fr.ac6.mcu.externaltools.arm-none.win32_1.17.0.201812190825/tools/compiler/bin/../lib/gcc/arm-none-eabi/7.3.1/thumb/v7-m/crtbegin.o
LOAD c:/ac6/systemworkbench/plugins/fr.ac6.mcu.externaltools.arm-none.win32_1.17.0.201812190825/tools/compiler/bin/../lib/gcc/arm-none-eabi/7.3.1/../../../../arm-none-eabi/lib/thumb/v7-m/crt0.o
LOAD Drivers/STM32F1xx_HAL_Driver/Src/stm32f1xx_hal.o
LOAD Drivers/STM32F1xx_HAL_Driver/Src/stm32f1xx_hal_adc.o
LOAD Drivers/STM32F1xx_HAL_Driver/Src/stm32f1xx_hal_adc_ex.o
LOAD Drivers/STM32F1xx_HAL_Driver/Src/stm32f1xx_hal_can.o
LOAD Drivers/STM32F1xx_HAL_Driver/Src/stm32f1xx_hal_cortex.o
LOAD Drivers/STM32F1xx_HAL_Driver/Src/stm32f1xx_hal_dma.o
LOAD Drivers/STM32F1xx_HAL_Driver/Src/stm32f1xx_hal_exti.o
LOAD Drivers/STM32F1xx_HAL_Driver/Src/stm32f1xx_hal_flash.o
LOAD Drivers/STM32F1xx_HAL_Driver/Src/stm32f1xx_hal_flash_ex.o
LOAD Drivers/STM32F1xx_HAL_Driver/Src/stm32f1xx_hal_gpio.o
LOAD Drivers/STM32F1xx_HAL_Driver/Src/stm32f1xx_hal_gpio_ex.o
LOAD Drivers/STM32F1xx_HAL_Driver/Src/stm32f1xx_hal_pwr.o
LOAD Drivers/STM32F1xx_HAL_Driver/Src/stm32f1xx_hal_rcc.o
LOAD Drivers/STM32F1xx_HAL_Driver/Src/stm32f1xx_hal_rcc_ex.o
LOAD Drivers/STM32F1xx_HAL_Driver/Src/stm32f1xx_hal_spi.o
LOAD Drivers/STM32F1xx_HAL_Driver/Src/stm32f1xx_hal_tim.o
LOAD Drivers/STM32F1xx_HAL_Driver/Src/stm32f1xx_hal_tim_ex.o
LOAD Drivers/STM32F1xx_HAL_Driver/Src/stm32f1xx_hal_uart.o
LOAD Middlewares/Third_Party/FreeRTOS/Source/CMSIS_RTOS_V2/cmsis_os2.o
LOAD Middlewares/Third_Party/FreeRTOS/Source/croutine.o
LOAD Middlewares/Third_Party/FreeRTOS/Source/event_groups.o
LOAD Middlewares/Third_Party/FreeRTOS/Source/list.o
LOAD Middlewares/Third_Party/FreeRTOS/Source/queue.o
LOAD Middlewares/Third_Party/FreeRTOS/Source/stream_buffer.o
LOAD Middlewares/Third_Party/FreeRTOS/Source/tasks.o
LOAD Middlewares/Third_Party/FreeRTOS/Source/timers.o
LOAD Middlewares/Third_Party/FreeRTOS/Source/portable/GCC/ARM_CM3/port.o
LOAD Middlewares/Third_Party/FreeRTOS/Source/portable/MemMang/heap_4.o
LOAD Src/ADC.o
LOAD Src/BMS.o
LOAD Src/CAN.o
LOAD Src/DHAB_s125.o
LOAD Src/DMA.o
LOAD Src/DMA_USART.o
LOAD Src/EEPROM.o
LOAD Src/GPIO.o
LOAD Src/LTC6804.o
LOAD Src/SPI.o
LOAD Src/USART.o
LOAD Src/dwt_stm32_delay.o
LOAD Src/flash.o
LOAD Src/freertos.o
LOAD Src/main.o
LOAD Src/nextion.o
LOAD Src/nextion_functions.o
LOAD Src/stm32f1xx_hal_msp.o
LOAD Src/stm32f1xx_hal_timebase_tim.o
LOAD Src/stm32f1xx_it.o
LOAD Src/syscalls.o
LOAD Src/system_stm32f1xx.o
LOAD Src/tim.o
LOAD startup/startup_stm32f103xb.o
LOAD c:/ac6/systemworkbench/plugins/fr.ac6.mcu.externaltools.arm-none.win32_1.17.0.201812190825/tools/compiler/bin/../lib/gcc/arm-none-eabi/7.3.1/../../../../arm-none-eabi/lib/thumb/v7-m\libm.a
START GROUP
LOAD c:/ac6/systemworkbench/plugins/fr.ac6.mcu.externaltools.arm-none.win32_1.17.0.201812190825/tools/compiler/bin/../lib/gcc/arm-none-eabi/7.3.1/thumb/v7-m\libgcc.a
LOAD c:/ac6/systemworkbench/plugins/fr.ac6.mcu.externaltools.arm-none.win32_1.17.0.201812190825/tools/compiler/bin/../lib/gcc/arm-none-eabi/7.3.1/../../../../arm-none-eabi/lib/thumb/v7-m\libc_nano.a
END GROUP
START GROUP
LOAD c:/ac6/systemworkbench/plugins/fr.ac6.mcu.externaltools.arm-none.win32_1.17.0.201812190825/tools/compiler/bin/../lib/gcc/arm-none-eabi/7.3.1/thumb/v7-m\libgcc.a
LOAD c:/ac6/systemworkbench/plugins/fr.ac6.mcu.externaltools.arm-none.win32_1.17.0.201812190825/tools/compiler/bin/../lib/gcc/arm-none-eabi/7.3.1/../../../../arm-none-eabi/lib/thumb/v7-m\libc_nano.a
LOAD c:/ac6/systemworkbench/plugins/fr.ac6.mcu.externaltools.arm-none.win32_1.17.0.201812190825/tools/compiler/bin/../lib/gcc/arm-none-eabi/7.3.1/../../../../arm-none-eabi/lib/thumb/v7-m\libnosys.a
END GROUP
START GROUP
LOAD c:/ac6/systemworkbench/plugins/fr.ac6.mcu.externaltools.arm-none.win32_1.17.0.201812190825/tools/compiler/bin/../lib/gcc/arm-none-eabi/7.3.1/thumb/v7-m\libgcc.a
LOAD c:/ac6/systemworkbench/plugins/fr.ac6.mcu.externaltools.arm-none.win32_1.17.0.201812190825/tools/compiler/bin/../lib/gcc/arm-none-eabi/7.3.1/../../../../arm-none-eabi/lib/thumb/v7-m\libc_nano.a
LOAD c:/ac6/systemworkbench/plugins/fr.ac6.mcu.externaltools.arm-none.win32_1.17.0.201812190825/tools/compiler/bin/../lib/gcc/arm-none-eabi/7.3.1/../../../../arm-none-eabi/lib/thumb/v7-m\libnosys.a
END GROUP
LOAD c:/ac6/systemworkbench/plugins/fr.ac6.mcu.externaltools.arm-none.win32_1.17.0.201812190825/tools/compiler/bin/../lib/gcc/arm-none-eabi/7.3.1/thumb/v7-m/crtend.o
LOAD c:/ac6/systemworkbench/plugins/fr.ac6.mcu.externaltools.arm-none.win32_1.17.0.201812190825/tools/compiler/bin/../lib/gcc/arm-none-eabi/7.3.1/thumb/v7-m/crtn.o
                0x20005000                _estack = 0x20005000
                0x00000200                _Min_Heap_Size = 0x200
                0x00000400                _Min_Stack_Size = 0x400

.isr_vector     0x08000000      0x10c
                0x08000000                . = ALIGN (0x4)
 *(.isr_vector)
 .isr_vector    0x08000000      0x10c startup/startup_stm32f103xb.o
                0x08000000                g_pfnVectors
                0x0800010c                . = ALIGN (0x4)

.text           0x08000110     0x4eb8
                0x08000110                . = ALIGN (0x4)
 *(.text)
 .text          0x08000110       0x40 c:/ac6/systemworkbench/plugins/fr.ac6.mcu.externaltools.arm-none.win32_1.17.0.201812190825/tools/compiler/bin/../lib/gcc/arm-none-eabi/7.3.1/thumb/v7-m/crtbegin.o
 .text          0x08000150      0x378 c:/ac6/systemworkbench/plugins/fr.ac6.mcu.externaltools.arm-none.win32_1.17.0.201812190825/tools/compiler/bin/../lib/gcc/arm-none-eabi/7.3.1/thumb/v7-m\libgcc.a(_arm_addsubdf3.o)
                0x08000150                __aeabi_drsub
                0x08000158                __aeabi_dsub
                0x08000158                __subdf3
                0x0800015c                __aeabi_dadd
                0x0800015c                __adddf3
                0x080003d4                __floatunsidf
                0x080003d4                __aeabi_ui2d
                0x080003f4                __floatsidf
                0x080003f4                __aeabi_i2d
                0x08000418                __aeabi_f2d
                0x08000418                __extendsfdf2
                0x0800045c                __floatundidf
                0x0800045c                __aeabi_ul2d
                0x0800046c                __floatdidf
                0x0800046c                __aeabi_l2d
 .text          0x080004c8       0xa0 c:/ac6/systemworkbench/plugins/fr.ac6.mcu.externaltools.arm-none.win32_1.17.0.201812190825/tools/compiler/bin/../lib/gcc/arm-none-eabi/7.3.1/thumb/v7-m\libgcc.a(_arm_truncdfsf2.o)
                0x080004c8                __truncdfsf2
                0x080004c8                __aeabi_d2f
 .text          0x08000568      0x21c c:/ac6/systemworkbench/plugins/fr.ac6.mcu.externaltools.arm-none.win32_1.17.0.201812190825/tools/compiler/bin/../lib/gcc/arm-none-eabi/7.3.1/thumb/v7-m\libgcc.a(_arm_addsubsf3.o)
                0x08000568                __aeabi_frsub
                0x08000570                __subsf3
                0x08000570                __aeabi_fsub
                0x08000574                __aeabi_fadd
                0x08000574                __addsf3
                0x080006d4                __aeabi_ui2f
                0x080006d4                __floatunsisf
                0x080006dc                __aeabi_i2f
                0x080006dc                __floatsisf
                0x080006f8                __aeabi_ul2f
                0x080006f8                __floatundisf
                0x08000708                __aeabi_l2f
                0x08000708                __floatdisf
 .text          0x08000784      0x2a0 c:/ac6/systemworkbench/plugins/fr.ac6.mcu.externaltools.arm-none.win32_1.17.0.201812190825/tools/compiler/bin/../lib/gcc/arm-none-eabi/7.3.1/thumb/v7-m\libgcc.a(_arm_muldivsf3.o)
                0x08000784                __mulsf3
                0x08000784                __aeabi_fmul
                0x080008ec                __aeabi_fdiv
                0x080008ec                __divsf3
 .text          0x08000a24       0x40 c:/ac6/systemworkbench/plugins/fr.ac6.mcu.externaltools.arm-none.win32_1.17.0.201812190825/tools/compiler/bin/../lib/gcc/arm-none-eabi/7.3.1/thumb/v7-m\libgcc.a(_arm_fixunssfsi.o)
                0x08000a24                __fixunssfsi
                0x08000a24                __aeabi_f2uiz
 *(.text*)
 .text.HAL_Init
                0x08000a64       0x24 Drivers/STM32F1xx_HAL_Driver/Src/stm32f1xx_hal.o
                0x08000a64                HAL_Init
 .text.HAL_IncTick
                0x08000a88       0x18 Drivers/STM32F1xx_HAL_Driver/Src/stm32f1xx_hal.o
                0x08000a88                HAL_IncTick
 .text.HAL_GetTick
                0x08000aa0        0xc Drivers/STM32F1xx_HAL_Driver/Src/stm32f1xx_hal.o
                0x08000aa0                HAL_GetTick
 .text.HAL_ADC_LevelOutOfWindowCallback
                0x08000aac        0x2 Drivers/STM32F1xx_HAL_Driver/Src/stm32f1xx_hal_adc.o
                0x08000aac                HAL_ADC_LevelOutOfWindowCallback
 .text.HAL_ADC_IRQHandler
                0x08000aae      0x10c Drivers/STM32F1xx_HAL_Driver/Src/stm32f1xx_hal_adc.o
                0x08000aae                HAL_ADC_IRQHandler
 *fill*         0x08000bba        0x2 
 .text.HAL_ADC_ConfigChannel
                0x08000bbc      0x138 Drivers/STM32F1xx_HAL_Driver/Src/stm32f1xx_hal_adc.o
                0x08000bbc                HAL_ADC_ConfigChannel
 .text.ADC_ConversionStop_Disable
                0x08000cf4       0x4c Drivers/STM32F1xx_HAL_Driver/Src/stm32f1xx_hal_adc.o
                0x08000cf4                ADC_ConversionStop_Disable
 .text.HAL_ADC_Init
                0x08000d40      0x110 Drivers/STM32F1xx_HAL_Driver/Src/stm32f1xx_hal_adc.o
                0x08000d40                HAL_ADC_Init
 .text.HAL_ADCEx_InjectedConvCpltCallback
                0x08000e50        0x2 Drivers/STM32F1xx_HAL_Driver/Src/stm32f1xx_hal_adc_ex.o
                0x08000e50                HAL_ADCEx_InjectedConvCpltCallback
 .text.HAL_CAN_Init
                0x08000e52      0x14c Drivers/STM32F1xx_HAL_Driver/Src/stm32f1xx_hal_can.o
                0x08000e52                HAL_CAN_Init
 .text.HAL_CAN_TxMailbox0CompleteCallback
                0x08000f9e        0x2 Drivers/STM32F1xx_HAL_Driver/Src/stm32f1xx_hal_can.o
                0x08000f9e                HAL_CAN_TxMailbox0CompleteCallback
 .text.HAL_CAN_TxMailbox1CompleteCallback
                0x08000fa0        0x2 Drivers/STM32F1xx_HAL_Driver/Src/stm32f1xx_hal_can.o
                0x08000fa0                HAL_CAN_TxMailbox1CompleteCallback
 .text.HAL_CAN_TxMailbox2CompleteCallback
                0x08000fa2        0x2 Drivers/STM32F1xx_HAL_Driver/Src/stm32f1xx_hal_can.o
                0x08000fa2                HAL_CAN_TxMailbox2CompleteCallback
 .text.HAL_CAN_TxMailbox0AbortCallback
                0x08000fa4        0x2 Drivers/STM32F1xx_HAL_Driver/Src/stm32f1xx_hal_can.o
                0x08000fa4                HAL_CAN_TxMailbox0AbortCallback
 .text.HAL_CAN_TxMailbox1AbortCallback
                0x08000fa6        0x2 Drivers/STM32F1xx_HAL_Driver/Src/stm32f1xx_hal_can.o
                0x08000fa6                HAL_CAN_TxMailbox1AbortCallback
 .text.HAL_CAN_TxMailbox2AbortCallback
                0x08000fa8        0x2 Drivers/STM32F1xx_HAL_Driver/Src/stm32f1xx_hal_can.o
                0x08000fa8                HAL_CAN_TxMailbox2AbortCallback
 .text.HAL_CAN_RxFifo0MsgPendingCallback
                0x08000faa        0x2 Drivers/STM32F1xx_HAL_Driver/Src/stm32f1xx_hal_can.o
                0x08000faa                HAL_CAN_RxFifo0MsgPendingCallback
 .text.HAL_CAN_RxFifo0FullCallback
                0x08000fac        0x2 Drivers/STM32F1xx_HAL_Driver/Src/stm32f1xx_hal_can.o
                0x08000fac                HAL_CAN_RxFifo0FullCallback
 .text.HAL_CAN_RxFifo1MsgPendingCallback
                0x08000fae        0x2 Drivers/STM32F1xx_HAL_Driver/Src/stm32f1xx_hal_can.o
                0x08000fae                HAL_CAN_RxFifo1MsgPendingCallback
 .text.HAL_CAN_RxFifo1FullCallback
                0x08000fb0        0x2 Drivers/STM32F1xx_HAL_Driver/Src/stm32f1xx_hal_can.o
                0x08000fb0                HAL_CAN_RxFifo1FullCallback
 .text.HAL_CAN_SleepCallback
                0x08000fb2        0x2 Drivers/STM32F1xx_HAL_Driver/Src/stm32f1xx_hal_can.o
                0x08000fb2                HAL_CAN_SleepCallback
 .text.HAL_CAN_WakeUpFromRxMsgCallback
                0x08000fb4        0x2 Drivers/STM32F1xx_HAL_Driver/Src/stm32f1xx_hal_can.o
                0x08000fb4                HAL_CAN_WakeUpFromRxMsgCallback
 .text.HAL_CAN_IRQHandler
                0x08000fb6      0x258 Drivers/STM32F1xx_HAL_Driver/Src/stm32f1xx_hal_can.o
                0x08000fb6                HAL_CAN_IRQHandler
 .text.HAL_CAN_Receive_IT
                0x0800120e      0x128 Drivers/STM32F1xx_HAL_Driver/Src/stm32f1xx_hal_can.o
                0x0800120e                HAL_CAN_Receive_IT
 *fill*         0x08001336        0x2 
 .text.HAL_NVIC_SetPriorityGrouping
                0x08001338       0x24 Drivers/STM32F1xx_HAL_Driver/Src/stm32f1xx_hal_cortex.o
                0x08001338                HAL_NVIC_SetPriorityGrouping
 .text.HAL_NVIC_SetPriority
                0x0800135c       0x68 Drivers/STM32F1xx_HAL_Driver/Src/stm32f1xx_hal_cortex.o
                0x0800135c                HAL_NVIC_SetPriority
 .text.HAL_NVIC_EnableIRQ
                0x080013c4       0x1c Drivers/STM32F1xx_HAL_Driver/Src/stm32f1xx_hal_cortex.o
                0x080013c4                HAL_NVIC_EnableIRQ
 .text.HAL_DMA_Init
                0x080013e0       0x6c Drivers/STM32F1xx_HAL_Driver/Src/stm32f1xx_hal_dma.o
                0x080013e0                HAL_DMA_Init
 .text.HAL_DMA_Abort_IT
                0x0800144c       0x98 Drivers/STM32F1xx_HAL_Driver/Src/stm32f1xx_hal_dma.o
                0x0800144c                HAL_DMA_Abort_IT
 .text.HAL_DMA_IRQHandler
                0x080014e4      0x144 Drivers/STM32F1xx_HAL_Driver/Src/stm32f1xx_hal_dma.o
                0x080014e4                HAL_DMA_IRQHandler
 .text.HAL_GPIO_Init
                0x08001628      0x1d8 Drivers/STM32F1xx_HAL_Driver/Src/stm32f1xx_hal_gpio.o
                0x08001628                HAL_GPIO_Init
 .text.HAL_GPIO_WritePin
                0x08001800        0xc Drivers/STM32F1xx_HAL_Driver/Src/stm32f1xx_hal_gpio.o
                0x08001800                HAL_GPIO_WritePin
 .text.HAL_GPIO_EXTI_Callback
                0x0800180c        0x2 Drivers/STM32F1xx_HAL_Driver/Src/stm32f1xx_hal_gpio.o
                0x0800180c                HAL_GPIO_EXTI_Callback
 *fill*         0x0800180e        0x2 
 .text.HAL_GPIO_EXTI_IRQHandler
                0x08001810       0x1c Drivers/STM32F1xx_HAL_Driver/Src/stm32f1xx_hal_gpio.o
                0x08001810                HAL_GPIO_EXTI_IRQHandler
 .text.RCC_Delay
                0x0800182c       0x2c Drivers/STM32F1xx_HAL_Driver/Src/stm32f1xx_hal_rcc.o
 .text.HAL_RCC_OscConfig
                0x08001858      0x410 Drivers/STM32F1xx_HAL_Driver/Src/stm32f1xx_hal_rcc.o
                0x08001858                HAL_RCC_OscConfig
 .text.HAL_RCC_GetSysClockFreq
                0x08001c68       0x70 Drivers/STM32F1xx_HAL_Driver/Src/stm32f1xx_hal_rcc.o
                0x08001c68                HAL_RCC_GetSysClockFreq
 .text.HAL_RCC_ClockConfig
                0x08001cd8      0x168 Drivers/STM32F1xx_HAL_Driver/Src/stm32f1xx_hal_rcc.o
                0x08001cd8                HAL_RCC_ClockConfig
 .text.HAL_RCC_GetHCLKFreq
                0x08001e40        0xc Drivers/STM32F1xx_HAL_Driver/Src/stm32f1xx_hal_rcc.o
                0x08001e40                HAL_RCC_GetHCLKFreq
 .text.HAL_RCC_GetPCLK1Freq
                0x08001e4c       0x20 Drivers/STM32F1xx_HAL_Driver/Src/stm32f1xx_hal_rcc.o
                0x08001e4c                HAL_RCC_GetPCLK1Freq
 .text.HAL_RCC_GetPCLK2Freq
                0x08001e6c       0x20 Drivers/STM32F1xx_HAL_Driver/Src/stm32f1xx_hal_rcc.o
                0x08001e6c                HAL_RCC_GetPCLK2Freq
 .text.HAL_RCC_GetClockConfig
                0x08001e8c       0x3c Drivers/STM32F1xx_HAL_Driver/Src/stm32f1xx_hal_rcc.o
                0x08001e8c                HAL_RCC_GetClockConfig
 .text.HAL_RCCEx_PeriphCLKConfig
                0x08001ec8      0x114 Drivers/STM32F1xx_HAL_Driver/Src/stm32f1xx_hal_rcc_ex.o
                0x08001ec8                HAL_RCCEx_PeriphCLKConfig
 .text.HAL_SPI_Init
                0x08001fdc       0x7c Drivers/STM32F1xx_HAL_Driver/Src/stm32f1xx_hal_spi.o
                0x08001fdc                HAL_SPI_Init
 .text.TIM_TI1_ConfigInputStage
                0x08002058       0x24 Drivers/STM32F1xx_HAL_Driver/Src/stm32f1xx_hal_tim.o
 .text.TIM_TI2_ConfigInputStage
                0x0800207c       0x26 Drivers/STM32F1xx_HAL_Driver/Src/stm32f1xx_hal_tim.o
 .text.TIM_ITRx_SetConfig
                0x080020a2       0x10 Drivers/STM32F1xx_HAL_Driver/Src/stm32f1xx_hal_tim.o
 .text.HAL_TIM_Base_Start_IT
                0x080020b2       0x22 Drivers/STM32F1xx_HAL_Driver/Src/stm32f1xx_hal_tim.o
                0x080020b2                HAL_TIM_Base_Start_IT
 .text.HAL_TIM_OC_DelayElapsedCallback
                0x080020d4        0x2 Drivers/STM32F1xx_HAL_Driver/Src/stm32f1xx_hal_tim.o
                0x080020d4                HAL_TIM_OC_DelayElapsedCallback
 .text.HAL_TIM_IC_CaptureCallback
                0x080020d6        0x2 Drivers/STM32F1xx_HAL_Driver/Src/stm32f1xx_hal_tim.o
                0x080020d6                HAL_TIM_IC_CaptureCallback
 .text.HAL_TIM_PWM_PulseFinishedCallback
                0x080020d8        0x2 Drivers/STM32F1xx_HAL_Driver/Src/stm32f1xx_hal_tim.o
                0x080020d8                HAL_TIM_PWM_PulseFinishedCallback
 .text.HAL_TIM_TriggerCallback
                0x080020da        0x2 Drivers/STM32F1xx_HAL_Driver/Src/stm32f1xx_hal_tim.o
                0x080020da                HAL_TIM_TriggerCallback
 .text.HAL_TIM_IRQHandler
                0x080020dc      0x17a Drivers/STM32F1xx_HAL_Driver/Src/stm32f1xx_hal_tim.o
                0x080020dc                HAL_TIM_IRQHandler
 *fill*         0x08002256        0x2 
 .text.TIM_Base_SetConfig
                0x08002258       0x74 Drivers/STM32F1xx_HAL_Driver/Src/stm32f1xx_hal_tim.o
                0x08002258                TIM_Base_SetConfig
 .text.HAL_TIM_Base_Init
                0x080022cc       0x32 Drivers/STM32F1xx_HAL_Driver/Src/stm32f1xx_hal_tim.o
                0x080022cc                HAL_TIM_Base_Init
 .text.TIM_ETR_SetConfig
                0x080022fe       0x16 Drivers/STM32F1xx_HAL_Driver/Src/stm32f1xx_hal_tim.o
                0x080022fe                TIM_ETR_SetConfig
 .text.HAL_TIM_ConfigClockSource
                0x08002314       0xda Drivers/STM32F1xx_HAL_Driver/Src/stm32f1xx_hal_tim.o
                0x08002314                HAL_TIM_ConfigClockSource
 .text.HAL_TIMEx_MasterConfigSynchronization
                0x080023ee       0x46 Drivers/STM32F1xx_HAL_Driver/Src/stm32f1xx_hal_tim_ex.o
                0x080023ee                HAL_TIMEx_MasterConfigSynchronization
 .text.HAL_TIMEx_CommutCallback
                0x08002434        0x2 Drivers/STM32F1xx_HAL_Driver/Src/stm32f1xx_hal_tim_ex.o
                0x08002434                HAL_TIMEx_CommutCallback
 .text.HAL_TIMEx_BreakCallback
                0x08002436        0x2 Drivers/STM32F1xx_HAL_Driver/Src/stm32f1xx_hal_tim_ex.o
                0x08002436                HAL_TIMEx_BreakCallback
 .text.UART_EndRxTransfer
                0x08002438       0x1c Drivers/STM32F1xx_HAL_Driver/Src/stm32f1xx_hal_uart.o
 .text.UART_Transmit_IT
                0x08002454       0x68 Drivers/STM32F1xx_HAL_Driver/Src/stm32f1xx_hal_uart.o
 .text.UART_SetConfig
                0x080024bc       0xcc Drivers/STM32F1xx_HAL_Driver/Src/stm32f1xx_hal_uart.o
 .text.HAL_UART_Init
                0x08002588       0x5e Drivers/STM32F1xx_HAL_Driver/Src/stm32f1xx_hal_uart.o
                0x08002588                HAL_UART_Init
 .text.HAL_HalfDuplex_Init
                0x080025e6       0x6a Drivers/STM32F1xx_HAL_Driver/Src/stm32f1xx_hal_uart.o
                0x080025e6                HAL_HalfDuplex_Init
 .text.HAL_UART_TxCpltCallback
                0x08002650        0x2 Drivers/STM32F1xx_HAL_Driver/Src/stm32f1xx_hal_uart.o
                0x08002650                HAL_UART_TxCpltCallback
 .text.UART_EndTransmit_IT
                0x08002652       0x1a Drivers/STM32F1xx_HAL_Driver/Src/stm32f1xx_hal_uart.o
 .text.HAL_UART_RxCpltCallback
                0x0800266c        0x2 Drivers/STM32F1xx_HAL_Driver/Src/stm32f1xx_hal_uart.o
                0x0800266c                HAL_UART_RxCpltCallback
 .text.UART_Receive_IT
                0x0800266e       0x9c Drivers/STM32F1xx_HAL_Driver/Src/stm32f1xx_hal_uart.o
 .text.HAL_UART_ErrorCallback
                0x0800270a        0x2 Drivers/STM32F1xx_HAL_Driver/Src/stm32f1xx_hal_uart.o
                0x0800270a                HAL_UART_ErrorCallback
 .text.HAL_UART_IRQHandler
                0x0800270c      0x120 Drivers/STM32F1xx_HAL_Driver/Src/stm32f1xx_hal_uart.o
                0x0800270c                HAL_UART_IRQHandler
 .text.UART_DMAAbortOnError
                0x0800282c       0x10 Drivers/STM32F1xx_HAL_Driver/Src/stm32f1xx_hal_uart.o
 .text.osKernelInitialize
                0x0800283c       0x44 Middlewares/Third_Party/FreeRTOS/Source/CMSIS_RTOS_V2/cmsis_os2.o
                0x0800283c                osKernelInitialize
 .text.osKernelStart
                0x08002880       0x4c Middlewares/Third_Party/FreeRTOS/Source/CMSIS_RTOS_V2/cmsis_os2.o
                0x08002880                osKernelStart
 .text.osThreadNew
                0x080028cc       0xe8 Middlewares/Third_Party/FreeRTOS/Source/CMSIS_RTOS_V2/cmsis_os2.o
                0x080028cc                osThreadNew
 .text.osDelay  0x080029b4       0x44 Middlewares/Third_Party/FreeRTOS/Source/CMSIS_RTOS_V2/cmsis_os2.o
                0x080029b4                osDelay
 .text.vApplicationGetIdleTaskMemory
                0x080029f8       0x18 Middlewares/Third_Party/FreeRTOS/Source/CMSIS_RTOS_V2/cmsis_os2.o
                0x080029f8                vApplicationGetIdleTaskMemory
 .text.vApplicationGetTimerTaskMemory
                0x08002a10       0x20 Middlewares/Third_Party/FreeRTOS/Source/CMSIS_RTOS_V2/cmsis_os2.o
                0x08002a10                vApplicationGetTimerTaskMemory
 .text.vListInitialise
                0x08002a30       0x16 Middlewares/Third_Party/FreeRTOS/Source/list.o
                0x08002a30                vListInitialise
 .text.vListInitialiseItem
                0x08002a46        0x6 Middlewares/Third_Party/FreeRTOS/Source/list.o
                0x08002a46                vListInitialiseItem
 .text.vListInsertEnd
                0x08002a4c       0x18 Middlewares/Third_Party/FreeRTOS/Source/list.o
                0x08002a4c                vListInsertEnd
 .text.vListInsert
                0x08002a64       0x34 Middlewares/Third_Party/FreeRTOS/Source/list.o
                0x08002a64                vListInsert
 .text.uxListRemove
                0x08002a98       0x28 Middlewares/Third_Party/FreeRTOS/Source/list.o
                0x08002a98                uxListRemove
 .text.prvIsQueueFull
                0x08002ac0       0x1e Middlewares/Third_Party/FreeRTOS/Source/queue.o
 .text.prvIsQueueEmpty
                0x08002ade       0x1a Middlewares/Third_Party/FreeRTOS/Source/queue.o
 .text.prvCopyDataToQueue
                0x08002af8       0x76 Middlewares/Third_Party/FreeRTOS/Source/queue.o
 .text.prvCopyDataFromQueue
                0x08002b6e       0x24 Middlewares/Third_Party/FreeRTOS/Source/queue.o
 .text.prvUnlockQueue
                0x08002b92       0x6e Middlewares/Third_Party/FreeRTOS/Source/queue.o
 .text.xQueueGenericReset
                0x08002c00       0x84 Middlewares/Third_Party/FreeRTOS/Source/queue.o
                0x08002c00                xQueueGenericReset
 .text.prvInitialiseNewQueue
                0x08002c84       0x22 Middlewares/Third_Party/FreeRTOS/Source/queue.o
 .text.xQueueGenericCreateStatic
                0x08002ca6       0x90 Middlewares/Third_Party/FreeRTOS/Source/queue.o
                0x08002ca6                xQueueGenericCreateStatic
 *fill*         0x08002d36        0x2 
 .text.xQueueGenericSend
                0x08002d38      0x17c Middlewares/Third_Party/FreeRTOS/Source/queue.o
                0x08002d38                xQueueGenericSend
 .text.xQueueGenericSendFromISR
                0x08002eb4       0xcc Middlewares/Third_Party/FreeRTOS/Source/queue.o
                0x08002eb4                xQueueGenericSendFromISR
 .text.xQueueReceive
                0x08002f80      0x158 Middlewares/Third_Party/FreeRTOS/Source/queue.o
                0x08002f80                xQueueReceive
 .text.vQueueAddToRegistry
                0x080030d8       0x28 Middlewares/Third_Party/FreeRTOS/Source/queue.o
                0x080030d8                vQueueAddToRegistry
 .text.vQueueWaitForMessageRestricted
                0x08003100       0x52 Middlewares/Third_Party/FreeRTOS/Source/queue.o
                0x08003100                vQueueWaitForMessageRestricted
 *fill*         0x08003152        0x2 
 .text.prvResetNextTaskUnblockTime
                0x08003154       0x24 Middlewares/Third_Party/FreeRTOS/Source/tasks.o
 .text.prvInitialiseNewTask
                0x08003178       0x94 Middlewares/Third_Party/FreeRTOS/Source/tasks.o
 .text.prvInitialiseTaskLists
                0x0800320c       0x58 Middlewares/Third_Party/FreeRTOS/Source/tasks.o
 .text.prvAddNewTaskToReadyList
                0x08003264       0xb0 Middlewares/Third_Party/FreeRTOS/Source/tasks.o
 .text.prvDeleteTCB
                0x08003314       0x38 Middlewares/Third_Party/FreeRTOS/Source/tasks.o
 .text.prvCheckTasksWaitingTermination
                0x0800334c       0x44 Middlewares/Third_Party/FreeRTOS/Source/tasks.o
 .text.prvIdleTask
                0x08003390       0x28 Middlewares/Third_Party/FreeRTOS/Source/tasks.o
 .text.prvAddCurrentTaskToDelayedList
                0x080033b8       0x74 Middlewares/Third_Party/FreeRTOS/Source/tasks.o
 .text.xTaskCreateStatic
                0x0800342c       0x72 Middlewares/Third_Party/FreeRTOS/Source/tasks.o
                0x0800342c                xTaskCreateStatic
 .text.xTaskCreate
                0x0800349e       0x66 Middlewares/Third_Party/FreeRTOS/Source/tasks.o
                0x0800349e                xTaskCreate
 .text.vTaskStartScheduler
                0x08003504       0x8c Middlewares/Third_Party/FreeRTOS/Source/tasks.o
                0x08003504                vTaskStartScheduler
 .text.vTaskSuspendAll
                0x08003590       0x14 Middlewares/Third_Party/FreeRTOS/Source/tasks.o
                0x08003590                vTaskSuspendAll
 .text.xTaskGetTickCount
                0x080035a4        0xc Middlewares/Third_Party/FreeRTOS/Source/tasks.o
                0x080035a4                xTaskGetTickCount
 .text.xTaskIncrementTick
                0x080035b0      0x10c Middlewares/Third_Party/FreeRTOS/Source/tasks.o
                0x080035b0                xTaskIncrementTick
 .text.xTaskResumeAll
                0x080036bc       0xf0 Middlewares/Third_Party/FreeRTOS/Source/tasks.o
                0x080036bc                xTaskResumeAll
 .text.vTaskDelay
                0x080037ac       0x4c Middlewares/Third_Party/FreeRTOS/Source/tasks.o
                0x080037ac                vTaskDelay
 .text.vTaskSwitchContext
                0x080037f8       0x90 Middlewares/Third_Party/FreeRTOS/Source/tasks.o
                0x080037f8                vTaskSwitchContext
 .text.vTaskPlaceOnEventList
                0x08003888       0x34 Middlewares/Third_Party/FreeRTOS/Source/tasks.o
                0x08003888                vTaskPlaceOnEventList
 .text.vTaskPlaceOnEventListRestricted
                0x080038bc       0x3c Middlewares/Third_Party/FreeRTOS/Source/tasks.o
                0x080038bc                vTaskPlaceOnEventListRestricted
 .text.xTaskRemoveFromEventList
                0x080038f8       0x88 Middlewares/Third_Party/FreeRTOS/Source/tasks.o
                0x080038f8                xTaskRemoveFromEventList
 .text.vTaskInternalSetTimeOutState
                0x08003980       0x14 Middlewares/Third_Party/FreeRTOS/Source/tasks.o
                0x08003980                vTaskInternalSetTimeOutState
 .text.xTaskCheckForTimeOut
                0x08003994       0x9c Middlewares/Third_Party/FreeRTOS/Source/tasks.o
                0x08003994                xTaskCheckForTimeOut
 .text.vTaskMissedYield
                0x08003a30       0x10 Middlewares/Third_Party/FreeRTOS/Source/tasks.o
                0x08003a30                vTaskMissedYield
 .text.xTaskGetSchedulerState
                0x08003a40       0x20 Middlewares/Third_Party/FreeRTOS/Source/tasks.o
                0x08003a40                xTaskGetSchedulerState
 .text.xTaskPriorityDisinherit
                0x08003a60       0x90 Middlewares/Third_Party/FreeRTOS/Source/tasks.o
                0x08003a60                xTaskPriorityDisinherit
 .text.prvGetNextExpireTime
                0x08003af0       0x20 Middlewares/Third_Party/FreeRTOS/Source/timers.o
 .text.prvInsertTimerInActiveList
                0x08003b10       0x44 Middlewares/Third_Party/FreeRTOS/Source/timers.o
 .text.prvCheckForValidListAndQueue
                0x08003b54       0x5c Middlewares/Third_Party/FreeRTOS/Source/timers.o
 .text.xTimerCreateTimerTask
                0x08003bb0       0x64 Middlewares/Third_Party/FreeRTOS/Source/timers.o
                0x08003bb0                xTimerCreateTimerTask
 .text.xTimerGenericCommand
                0x08003c14       0x6c Middlewares/Third_Party/FreeRTOS/Source/timers.o
                0x08003c14                xTimerGenericCommand
 .text.prvSwitchTimerLists
                0x08003c80       0x88 Middlewares/Third_Party/FreeRTOS/Source/timers.o
 .text.prvSampleTimeNow
                0x08003d08       0x30 Middlewares/Third_Party/FreeRTOS/Source/timers.o
 .text.prvProcessExpiredTimer
                0x08003d38       0x60 Middlewares/Third_Party/FreeRTOS/Source/timers.o
 .text.prvProcessTimerOrBlockTask
                0x08003d98       0x70 Middlewares/Third_Party/FreeRTOS/Source/timers.o
 .text.prvProcessReceivedCommands
                0x08003e08       0xfc Middlewares/Third_Party/FreeRTOS/Source/timers.o
 .text.prvTimerTask
                0x08003f04       0x16 Middlewares/Third_Party/FreeRTOS/Source/timers.o
 *fill*         0x08003f1a        0x2 
 .text.prvTaskExitError
                0x08003f1c       0x40 Middlewares/Third_Party/FreeRTOS/Source/portable/GCC/ARM_CM3/port.o
 .text.prvPortStartFirstTask
                0x08003f5c       0x20 Middlewares/Third_Party/FreeRTOS/Source/portable/GCC/ARM_CM3/port.o
 .text.pxPortInitialiseStack
                0x08003f7c       0x24 Middlewares/Third_Party/FreeRTOS/Source/portable/GCC/ARM_CM3/port.o
                0x08003f7c                pxPortInitialiseStack
 .text.SVC_Handler
                0x08003fa0       0x24 Middlewares/Third_Party/FreeRTOS/Source/portable/GCC/ARM_CM3/port.o
                0x08003fa0                SVC_Handler
 .text.vPortEnterCritical
                0x08003fc4       0x44 Middlewares/Third_Party/FreeRTOS/Source/portable/GCC/ARM_CM3/port.o
                0x08003fc4                vPortEnterCritical
 .text.vPortExitCritical
                0x08004008       0x2c Middlewares/Third_Party/FreeRTOS/Source/portable/GCC/ARM_CM3/port.o
                0x08004008                vPortExitCritical
 *fill*         0x08004034        0xc 
 .text.PendSV_Handler
                0x08004040       0x44 Middlewares/Third_Party/FreeRTOS/Source/portable/GCC/ARM_CM3/port.o
                0x08004040                PendSV_Handler
 .text.SysTick_Handler
                0x08004084       0x2c Middlewares/Third_Party/FreeRTOS/Source/portable/GCC/ARM_CM3/port.o
                0x08004084                SysTick_Handler
 .text.vPortSetupTimerInterrupt
                0x080040b0       0x38 Middlewares/Third_Party/FreeRTOS/Source/portable/GCC/ARM_CM3/port.o
                0x080040b0                vPortSetupTimerInterrupt
 .text.xPortStartScheduler
                0x080040e8       0xb4 Middlewares/Third_Party/FreeRTOS/Source/portable/GCC/ARM_CM3/port.o
                0x080040e8                xPortStartScheduler
 .text.vPortValidateInterruptPriority
                0x0800419c       0x58 Middlewares/Third_Party/FreeRTOS/Source/portable/GCC/ARM_CM3/port.o
                0x0800419c                vPortValidateInterruptPriority
 .text.prvHeapInit
                0x080041f4       0x54 Middlewares/Third_Party/FreeRTOS/Source/portable/MemMang/heap_4.o
 .text.prvInsertBlockIntoFreeList
                0x08004248       0x58 Middlewares/Third_Party/FreeRTOS/Source/portable/MemMang/heap_4.o
 .text.pvPortMalloc
                0x080042a0      0x10c Middlewares/Third_Party/FreeRTOS/Source/portable/MemMang/heap_4.o
                0x080042a0                pvPortMalloc
 .text.vPortFree
                0x080043ac       0x70 Middlewares/Third_Party/FreeRTOS/Source/portable/MemMang/heap_4.o
                0x080043ac                vPortFree
 .text.HAL_ADC_MspInit
                0x0800441c       0xd4 Src/ADC.o
                0x0800441c                HAL_ADC_MspInit
 .text.MX_CAN_Init
                0x080044f0       0x40 Src/CAN.o
                0x080044f0                MX_CAN_Init
 .text.HAL_CAN_MspInit
                0x08004530       0x98 Src/CAN.o
                0x08004530                HAL_CAN_MspInit
 .text.HAL_CAN_ErrorCallback
                0x080045c8       0x30 Src/CAN.o
                0x080045c8                HAL_CAN_ErrorCallback
 .text.HAL_SPI_MspInit
                0x080045f8       0x58 Src/SPI.o
                0x080045f8                HAL_SPI_MspInit
 .text.HAL_UART_MspInit
                0x08004650      0x10c Src/USART.o
                0x08004650                HAL_UART_MspInit
 .text.MX_GPIO_Init
                0x0800475c      0x138 Src/main.o
 .text.MX_DMA_Init
                0x08004894       0x44 Src/main.o
 .text.MX_ADC1_Init
                0x080048d8       0x7c Src/main.o
 .text.MX_SPI1_Init
                0x08004954       0x40 Src/main.o
 .text.MX_TIM3_Init
                0x08004994       0x58 Src/main.o
 .text.MX_TIM4_Init
                0x080049ec       0x54 Src/main.o
 .text.MX_USART1_UART_Init
                0x08004a40       0x2c Src/main.o
 .text.MX_USART3_UART_Init
                0x08004a6c       0x2c Src/main.o
 .text.StartDefaultTask
                0x08004a98        0xa Src/main.o
                0x08004a98                StartDefaultTask
 *fill*         0x08004aa2        0x2 
 .text.filter   0x08004aa4       0x20 Src/main.o
                0x08004aa4                filter
 .text.HAL_ADC_ConvCpltCallback
                0x08004ac4      0x12c Src/main.o
                0x08004ac4                HAL_ADC_ConvCpltCallback
 .text.SystemClock_Config
                0x08004bf0       0x68 Src/main.o
                0x08004bf0                SystemClock_Config
 .text.main     0x08004c58       0x54 Src/main.o
                0x08004c58                main
 .text.HAL_TIM_PeriodElapsedCallback
                0x08004cac       0x18 Src/main.o
                0x08004cac                HAL_TIM_PeriodElapsedCallback
 .text.Error_Handler
                0x08004cc4        0x2 Src/main.o
                0x08004cc4                Error_Handler
 *fill*         0x08004cc6        0x2 
 .text.HAL_MspInit
                0x08004cc8       0x44 Src/stm32f1xx_hal_msp.o
                0x08004cc8                HAL_MspInit
 .text.HAL_InitTick
                0x08004d0c       0x78 Src/stm32f1xx_hal_timebase_tim.o
                0x08004d0c                HAL_InitTick
 .text.NMI_Handler
                0x08004d84        0x2 Src/stm32f1xx_it.o
                0x08004d84                NMI_Handler
 .text.HardFault_Handler
                0x08004d86        0x2 Src/stm32f1xx_it.o
                0x08004d86                HardFault_Handler
 .text.MemManage_Handler
                0x08004d88        0x2 Src/stm32f1xx_it.o
                0x08004d88                MemManage_Handler
 .text.BusFault_Handler
                0x08004d8a        0x2 Src/stm32f1xx_it.o
                0x08004d8a                BusFault_Handler
 .text.UsageFault_Handler
                0x08004d8c        0x2 Src/stm32f1xx_it.o
                0x08004d8c                UsageFault_Handler
 .text.DebugMon_Handler
                0x08004d8e        0x2 Src/stm32f1xx_it.o
                0x08004d8e                DebugMon_Handler
 .text.DMA1_Channel1_IRQHandler
                0x08004d90       0x10 Src/stm32f1xx_it.o
                0x08004d90                DMA1_Channel1_IRQHandler
 .text.DMA1_Channel3_IRQHandler
                0x08004da0       0x10 Src/stm32f1xx_it.o
                0x08004da0                DMA1_Channel3_IRQHandler
 .text.ADC1_2_IRQHandler
                0x08004db0       0x10 Src/stm32f1xx_it.o
                0x08004db0                ADC1_2_IRQHandler
 .text.USB_HP_CAN1_TX_IRQHandler
                0x08004dc0       0x10 Src/stm32f1xx_it.o
                0x08004dc0                USB_HP_CAN1_TX_IRQHandler
 .text.USB_LP_CAN1_RX0_IRQHandler
                0x08004dd0       0x10 Src/stm32f1xx_it.o
                0x08004dd0                USB_LP_CAN1_RX0_IRQHandler
 .text.EXTI9_5_IRQHandler
                0x08004de0        0xc Src/stm32f1xx_it.o
                0x08004de0                EXTI9_5_IRQHandler
 .text.TIM1_UP_IRQHandler
                0x08004dec       0x10 Src/stm32f1xx_it.o
                0x08004dec                TIM1_UP_IRQHandler
 .text.TIM3_IRQHandler
                0x08004dfc       0x10 Src/stm32f1xx_it.o
                0x08004dfc                TIM3_IRQHandler
 .text.TIM4_IRQHandler
                0x08004e0c       0x10 Src/stm32f1xx_it.o
                0x08004e0c                TIM4_IRQHandler
 .text.USART3_IRQHandler
                0x08004e1c       0x10 Src/stm32f1xx_it.o
                0x08004e1c                USART3_IRQHandler
 .text.EXTI15_10_IRQHandler
                0x08004e2c        0xc Src/stm32f1xx_it.o
                0x08004e2c                EXTI15_10_IRQHandler
 .text.SystemInit
                0x08004e38       0x4c Src/system_stm32f1xx.o
                0x08004e38                SystemInit
 .text.HAL_TIM_Base_MspInit
                0x08004e84       0x70 Src/tim.o
                0x08004e84                HAL_TIM_Base_MspInit
 .text.Reset_Handler
                0x08004ef4       0x48 startup/startup_stm32f103xb.o
                0x08004ef4                Reset_Handler
 .text.Default_Handler
                0x08004f3c        0x2 startup/startup_stm32f103xb.o
                0x08004f3c                RTC_Alarm_IRQHandler
                0x08004f3c                EXTI2_IRQHandler
                0x08004f3c                TIM1_CC_IRQHandler
                0x08004f3c                PVD_IRQHandler
                0x08004f3c                EXTI3_IRQHandler
                0x08004f3c                EXTI0_IRQHandler
                0x08004f3c                I2C2_EV_IRQHandler
                0x08004f3c                SPI1_IRQHandler
                0x08004f3c                TAMPER_IRQHandler
                0x08004f3c                DMA1_Channel4_IRQHandler
                0x08004f3c                RTC_IRQHandler
                0x08004f3c                DMA1_Channel7_IRQHandler
                0x08004f3c                CAN1_RX1_IRQHandler
                0x08004f3c                I2C1_EV_IRQHandler
                0x08004f3c                DMA1_Channel6_IRQHandler
                0x08004f3c                RCC_IRQHandler
                0x08004f3c                TIM1_TRG_COM_IRQHandler
                0x08004f3c                Default_Handler
                0x08004f3c                SPI2_IRQHandler
                0x08004f3c                DMA1_Channel5_IRQHandler
                0x08004f3c                EXTI4_IRQHandler
                0x08004f3c                WWDG_IRQHandler
                0x08004f3c                TIM2_IRQHandler
                0x08004f3c                TIM1_BRK_IRQHandler
                0x08004f3c                EXTI1_IRQHandler
                0x08004f3c                USART2_IRQHandler
                0x08004f3c                I2C2_ER_IRQHandler
                0x08004f3c                DMA1_Channel2_IRQHandler
                0x08004f3c                CAN1_SCE_IRQHandler
                0x08004f3c                FLASH_IRQHandler
                0x08004f3c                USART1_IRQHandler
                0x08004f3c                I2C1_ER_IRQHandler
                0x08004f3c                USBWakeUp_IRQHandler
 *fill*         0x08004f3e        0x2 
 .text.__libc_init_array
                0x08004f40       0x48 c:/ac6/systemworkbench/plugins/fr.ac6.mcu.externaltools.arm-none.win32_1.17.0.201812190825/tools/compiler/bin/../lib/gcc/arm-none-eabi/7.3.1/../../../../arm-none-eabi/lib/thumb/v7-m\libc_nano.a(lib_a-init.o)
                0x08004f40                __libc_init_array
 .text.memcpy   0x08004f88       0x16 c:/ac6/systemworkbench/plugins/fr.ac6.mcu.externaltools.arm-none.win32_1.17.0.201812190825/tools/compiler/bin/../lib/gcc/arm-none-eabi/7.3.1/../../../../arm-none-eabi/lib/thumb/v7-m\libc_nano.a(lib_a-memcpy-stub.o)
                0x08004f88                memcpy
 .text.memset   0x08004f9e       0x10 c:/ac6/systemworkbench/plugins/fr.ac6.mcu.externaltools.arm-none.win32_1.17.0.201812190825/tools/compiler/bin/../lib/gcc/arm-none-eabi/7.3.1/../../../../arm-none-eabi/lib/thumb/v7-m\libc_nano.a(lib_a-memset.o)
                0x08004f9e                memset
 *(.glue_7)
 .glue_7        0x08004fae        0x0 linker stubs
 *(.glue_7t)
 .glue_7t       0x08004fae        0x0 linker stubs
 *(.eh_frame)
 *fill*         0x08004fae        0x2 
 .eh_frame      0x08004fb0        0x0 c:/ac6/systemworkbench/plugins/fr.ac6.mcu.externaltools.arm-none.win32_1.17.0.201812190825/tools/compiler/bin/../lib/gcc/arm-none-eabi/7.3.1/thumb/v7-m/crtbegin.o
 *(.init)
 .init          0x08004fb0        0x4 c:/ac6/systemworkbench/plugins/fr.ac6.mcu.externaltools.arm-none.win32_1.17.0.201812190825/tools/compiler/bin/../lib/gcc/arm-none-eabi/7.3.1/thumb/v7-m/crti.o
                0x08004fb0                _init
 .init          0x08004fb4        0x8 c:/ac6/systemworkbench/plugins/fr.ac6.mcu.externaltools.arm-none.win32_1.17.0.201812190825/tools/compiler/bin/../lib/gcc/arm-none-eabi/7.3.1/thumb/v7-m/crtn.o
 *(.fini)
 .fini          0x08004fbc        0x4 c:/ac6/systemworkbench/plugins/fr.ac6.mcu.externaltools.arm-none.win32_1.17.0.201812190825/tools/compiler/bin/../lib/gcc/arm-none-eabi/7.3.1/thumb/v7-m/crti.o
                0x08004fbc                _fini
 .fini          0x08004fc0        0x8 c:/ac6/systemworkbench/plugins/fr.ac6.mcu.externaltools.arm-none.win32_1.17.0.201812190825/tools/compiler/bin/../lib/gcc/arm-none-eabi/7.3.1/thumb/v7-m/crtn.o
                0x08004fc8                . = ALIGN (0x4)
                0x08004fc8                _etext = .

.vfp11_veneer   0x08004fc8        0x0
 .vfp11_veneer  0x08004fc8        0x0 linker stubs

.v4_bx          0x08004fc8        0x0
 .v4_bx         0x08004fc8        0x0 linker stubs

.iplt           0x08004fc8        0x0
 .iplt          0x08004fc8        0x0 c:/ac6/systemworkbench/plugins/fr.ac6.mcu.externaltools.arm-none.win32_1.17.0.201812190825/tools/compiler/bin/../lib/gcc/arm-none-eabi/7.3.1/thumb/v7-m/crtbegin.o

.rodata         0x08004fc8       0x84
                0x08004fc8                . = ALIGN (0x4)
 *(.rodata)
 .rodata        0x08004fc8       0x12 Drivers/STM32F1xx_HAL_Driver/Src/stm32f1xx_hal_rcc.o
 *fill*         0x08004fda        0x2 
 .rodata        0x08004fdc       0x34 Src/main.o
                0x08004fec                defaultTask_attributes
 .rodata        0x08005010       0x18 Src/system_stm32f1xx.o
                0x08005010                AHBPrescTable
                0x08005020                APBPrescTable
 *(.rodata*)
 .rodata.str1.4
                0x08005028        0x5 Middlewares/Third_Party/FreeRTOS/Source/tasks.o
 *fill*         0x0800502d        0x3 
 .rodata.str1.4
                0x08005030       0x10 Middlewares/Third_Party/FreeRTOS/Source/timers.o
 .rodata.str1.4
                0x08005040        0xc Src/main.o
                0x0800504c                . = ALIGN (0x4)

.rel.dyn        0x0800504c        0x0
 .rel.iplt      0x0800504c        0x0 c:/ac6/systemworkbench/plugins/fr.ac6.mcu.externaltools.arm-none.win32_1.17.0.201812190825/tools/compiler/bin/../lib/gcc/arm-none-eabi/7.3.1/thumb/v7-m/crtbegin.o

.ARM.extab
 *(.ARM.extab* .gnu.linkonce.armextab.*)

.ARM            0x0800504c        0x0
                0x0800504c                __exidx_start = .
 *(.ARM.exidx*)
                0x0800504c                __exidx_end = .

.preinit_array  0x0800504c        0x0
                0x0800504c                PROVIDE (__preinit_array_start = .)
 *(.preinit_array*)
                0x0800504c                PROVIDE (__preinit_array_end = .)

.init_array     0x0800504c        0x4
                0x0800504c                PROVIDE (__init_array_start = .)
 *(SORT_BY_NAME(.init_array.*))
 *(.init_array*)
 .init_array    0x0800504c        0x4 c:/ac6/systemworkbench/plugins/fr.ac6.mcu.externaltools.arm-none.win32_1.17.0.201812190825/tools/compiler/bin/../lib/gcc/arm-none-eabi/7.3.1/thumb/v7-m/crtbegin.o
                0x08005050                PROVIDE (__init_array_end = .)

.fini_array     0x08005050        0x4
                [!provide]                PROVIDE (__fini_array_start = .)
 *(SORT_BY_NAME(.fini_array.*))
 *(.fini_array*)
 .fini_array    0x08005050        0x4 c:/ac6/systemworkbench/plugins/fr.ac6.mcu.externaltools.arm-none.win32_1.17.0.201812190825/tools/compiler/bin/../lib/gcc/arm-none-eabi/7.3.1/thumb/v7-m/crtbegin.o
                [!provide]                PROVIDE (__fini_array_end = .)
                0x08005054                _sidata = LOADADDR (.data)

.data           0x20000000       0x10 load address 0x08005054
                0x20000000                . = ALIGN (0x4)
                0x20000000                _sdata = .
 *(.data)
 .data          0x20000000        0x8 Drivers/STM32F1xx_HAL_Driver/Src/stm32f1xx_hal.o
                0x20000000                uwTickFreq
                0x20000004                uwTickPrio
 .data          0x20000008        0x4 Middlewares/Third_Party/FreeRTOS/Source/portable/GCC/ARM_CM3/port.o
 .data          0x2000000c        0x4 Src/system_stm32f1xx.o
                0x2000000c                SystemCoreClock
 *(.data*)
                0x20000010                . = ALIGN (0x4)
                0x20000010                _edata = .

.igot.plt       0x20000010        0x0 load address 0x08005064
 .igot.plt      0x20000010        0x0 c:/ac6/systemworkbench/plugins/fr.ac6.mcu.externaltools.arm-none.win32_1.17.0.201812190825/tools/compiler/bin/../lib/gcc/arm-none-eabi/7.3.1/thumb/v7-m/crtbegin.o
                0x20000010                . = ALIGN (0x4)

.bss            0x20000010     0x1c20 load address 0x08005064
                0x20000010                _sbss = .
                0x20000010                __bss_start__ = _sbss
 *(.bss)
 .bss           0x20000010       0x1c c:/ac6/systemworkbench/plugins/fr.ac6.mcu.externaltools.arm-none.win32_1.17.0.201812190825/tools/compiler/bin/../lib/gcc/arm-none-eabi/7.3.1/thumb/v7-m/crtbegin.o
 .bss           0x2000002c      0x6bc Middlewares/Third_Party/FreeRTOS/Source/CMSIS_RTOS_V2/cmsis_os2.o
 .bss           0x200006e8      0x4fc Middlewares/Third_Party/FreeRTOS/Source/tasks.o
                0x20000bbc                pxCurrentTCB
 .bss           0x20000be4      0x12c Middlewares/Third_Party/FreeRTOS/Source/timers.o
 .bss           0x20000d10        0x8 Middlewares/Third_Party/FreeRTOS/Source/portable/GCC/ARM_CM3/port.o
 .bss           0x20000d18      0xc18 Middlewares/Third_Party/FreeRTOS/Source/portable/MemMang/heap_4.o
 .bss           0x20001930        0x4 Src/main.o
                0x20001930                initialReadings
 *(.bss*)
 *(COMMON)
 COMMON         0x20001934        0x4 Drivers/STM32F1xx_HAL_Driver/Src/stm32f1xx_hal.o
                0x20001934                uwTick
 COMMON         0x20001938       0x40 Middlewares/Third_Party/FreeRTOS/Source/queue.o
                0x20001938                xQueueRegistry
 COMMON         0x20001978       0x74 Src/ADC.o
                0x20001978                hadc1
                0x200019a8                hdma_adc1
 COMMON         0x200019ec       0x40 Src/CAN.o
                0x200019ec                vetTx
                0x200019f4                hcan
                0x20001a24                idRx
                0x20001a28                vetRx
 COMMON         0x20001a2c       0x58 Src/SPI.o
                0x20001a2c                hspi1
 COMMON         0x20001a84       0xc4 Src/USART.o
                0x20001a84                hdma_usart3_rx
                0x20001ac8                huart3
                0x20001b08                huart1
 COMMON         0x20001b48       0xa8 Src/main.o
                0x20001b48                BMS
                0x20001b4c                defaultTaskHandle
                0x20001b50                htim4
                0x20001b90                CURRENT_ZERO
                0x20001b9c                htim3
                0x20001bdc                ADC_BUF
 COMMON         0x20001bf0       0x40 Src/stm32f1xx_hal_timebase_tim.o
                0x20001bf0                htim1
                0x20001c30                . = ALIGN (0x4)
                0x20001c30                _ebss = .
                0x20001c30                __bss_end__ = _ebss

._user_heap_stack
                0x20001c30      0x600 load address 0x08005064
                0x20001c30                . = ALIGN (0x8)
                0x20001c30                PROVIDE (end = .)
                [!provide]                PROVIDE (_end = .)
                0x20001e30                . = (. + _Min_Heap_Size)
 *fill*         0x20001c30      0x200 
                0x20002230                . = (. + _Min_Stack_Size)
 *fill*         0x20001e30      0x400 
                0x20002230                . = ALIGN (0x8)

/DISCARD/
 libc.a(*)
 libm.a(*)
 libgcc.a(*)

.ARM.attributes
                0x00000000       0x29
 *(.ARM.attributes)
 .ARM.attributes
                0x00000000       0x1d c:/ac6/systemworkbench/plugins/fr.ac6.mcu.externaltools.arm-none.win32_1.17.0.201812190825/tools/compiler/bin/../lib/gcc/arm-none-eabi/7.3.1/thumb/v7-m/crti.o
 .ARM.attributes
                0x0000001d       0x2d c:/ac6/systemworkbench/plugins/fr.ac6.mcu.externaltools.arm-none.win32_1.17.0.201812190825/tools/compiler/bin/../lib/gcc/arm-none-eabi/7.3.1/thumb/v7-m/crtbegin.o
 .ARM.attributes
                0x0000004a       0x33 Drivers/STM32F1xx_HAL_Driver/Src/stm32f1xx_hal.o
 .ARM.attributes
                0x0000007d       0x33 Drivers/STM32F1xx_HAL_Driver/Src/stm32f1xx_hal_adc.o
 .ARM.attributes
                0x000000b0       0x33 Drivers/STM32F1xx_HAL_Driver/Src/stm32f1xx_hal_adc_ex.o
 .ARM.attributes
                0x000000e3       0x33 Drivers/STM32F1xx_HAL_Driver/Src/stm32f1xx_hal_can.o
 .ARM.attributes
                0x00000116       0x33 Drivers/STM32F1xx_HAL_Driver/Src/stm32f1xx_hal_cortex.o
 .ARM.attributes
                0x00000149       0x33 Drivers/STM32F1xx_HAL_Driver/Src/stm32f1xx_hal_dma.o
 .ARM.attributes
                0x0000017c       0x33 Drivers/STM32F1xx_HAL_Driver/Src/stm32f1xx_hal_gpio.o
 .ARM.attributes
                0x000001af       0x33 Drivers/STM32F1xx_HAL_Driver/Src/stm32f1xx_hal_rcc.o
 .ARM.attributes
                0x000001e2       0x33 Drivers/STM32F1xx_HAL_Driver/Src/stm32f1xx_hal_rcc_ex.o
 .ARM.attributes
                0x00000215       0x33 Drivers/STM32F1xx_HAL_Driver/Src/stm32f1xx_hal_spi.o
 .ARM.attributes
                0x00000248       0x33 Drivers/STM32F1xx_HAL_Driver/Src/stm32f1xx_hal_tim.o
 .ARM.attributes
                0x0000027b       0x33 Drivers/STM32F1xx_HAL_Driver/Src/stm32f1xx_hal_tim_ex.o
 .ARM.attributes
                0x000002ae       0x33 Drivers/STM32F1xx_HAL_Driver/Src/stm32f1xx_hal_uart.o
 .ARM.attributes
                0x000002e1       0x33 Middlewares/Third_Party/FreeRTOS/Source/CMSIS_RTOS_V2/cmsis_os2.o
 .ARM.attributes
                0x00000314       0x33 Middlewares/Third_Party/FreeRTOS/Source/list.o
 .ARM.attributes
                0x00000347       0x33 Middlewares/Third_Party/FreeRTOS/Source/queue.o
 .ARM.attributes
                0x0000037a       0x33 Middlewares/Third_Party/FreeRTOS/Source/tasks.o
 .ARM.attributes
                0x000003ad       0x33 Middlewares/Third_Party/FreeRTOS/Source/timers.o
 .ARM.attributes
                0x000003e0       0x33 Middlewares/Third_Party/FreeRTOS/Source/portable/GCC/ARM_CM3/port.o
 .ARM.attributes
                0x00000413       0x33 Middlewares/Third_Party/FreeRTOS/Source/portable/MemMang/heap_4.o
 .ARM.attributes
                0x00000446       0x33 Src/ADC.o
 .ARM.attributes
                0x00000479       0x33 Src/CAN.o
 .ARM.attributes
                0x000004ac       0x33 Src/SPI.o
 .ARM.attributes
                0x000004df       0x33 Src/USART.o
 .ARM.attributes
                0x00000512       0x33 Src/main.o
 .ARM.attributes
                0x00000545       0x33 Src/stm32f1xx_hal_msp.o
 .ARM.attributes
                0x00000578       0x33 Src/stm32f1xx_hal_timebase_tim.o
 .ARM.attributes
                0x000005ab       0x33 Src/stm32f1xx_it.o
 .ARM.attributes
                0x000005de       0x33 Src/system_stm32f1xx.o
 .ARM.attributes
                0x00000611       0x33 Src/tim.o
 .ARM.attributes
                0x00000644       0x21 startup/startup_stm32f103xb.o
 .ARM.attributes
                0x00000665       0x1d c:/ac6/systemworkbench/plugins/fr.ac6.mcu.externaltools.arm-none.win32_1.17.0.201812190825/tools/compiler/bin/../lib/gcc/arm-none-eabi/7.3.1/thumb/v7-m\libgcc.a(_arm_addsubdf3.o)
 .ARM.attributes
                0x00000682       0x1d c:/ac6/systemworkbench/plugins/fr.ac6.mcu.externaltools.arm-none.win32_1.17.0.201812190825/tools/compiler/bin/../lib/gcc/arm-none-eabi/7.3.1/thumb/v7-m\libgcc.a(_arm_truncdfsf2.o)
 .ARM.attributes
                0x0000069f       0x1d c:/ac6/systemworkbench/plugins/fr.ac6.mcu.externaltools.arm-none.win32_1.17.0.201812190825/tools/compiler/bin/../lib/gcc/arm-none-eabi/7.3.1/thumb/v7-m\libgcc.a(_arm_addsubsf3.o)
 .ARM.attributes
                0x000006bc       0x1d c:/ac6/systemworkbench/plugins/fr.ac6.mcu.externaltools.arm-none.win32_1.17.0.201812190825/tools/compiler/bin/../lib/gcc/arm-none-eabi/7.3.1/thumb/v7-m\libgcc.a(_arm_muldivsf3.o)
 .ARM.attributes
                0x000006d9       0x1d c:/ac6/systemworkbench/plugins/fr.ac6.mcu.externaltools.arm-none.win32_1.17.0.201812190825/tools/compiler/bin/../lib/gcc/arm-none-eabi/7.3.1/thumb/v7-m\libgcc.a(_arm_fixunssfsi.o)
 .ARM.attributes
                0x000006f6       0x2d c:/ac6/systemworkbench/plugins/fr.ac6.mcu.externaltools.arm-none.win32_1.17.0.201812190825/tools/compiler/bin/../lib/gcc/arm-none-eabi/7.3.1/../../../../arm-none-eabi/lib/thumb/v7-m\libc_nano.a(lib_a-init.o)
 .ARM.attributes
                0x00000723       0x2d c:/ac6/systemworkbench/plugins/fr.ac6.mcu.externaltools.arm-none.win32_1.17.0.201812190825/tools/compiler/bin/../lib/gcc/arm-none-eabi/7.3.1/../../../../arm-none-eabi/lib/thumb/v7-m\libc_nano.a(lib_a-memcpy-stub.o)
 .ARM.attributes
                0x00000750       0x2d c:/ac6/systemworkbench/plugins/fr.ac6.mcu.externaltools.arm-none.win32_1.17.0.201812190825/tools/compiler/bin/../lib/gcc/arm-none-eabi/7.3.1/../../../../arm-none-eabi/lib/thumb/v7-m\libc_nano.a(lib_a-memset.o)
 .ARM.attributes
                0x0000077d       0x1d c:/ac6/systemworkbench/plugins/fr.ac6.mcu.externaltools.arm-none.win32_1.17.0.201812190825/tools/compiler/bin/../lib/gcc/arm-none-eabi/7.3.1/thumb/v7-m/crtn.o
OUTPUT(BMS_RTOS.elf elf32-littlearm)

.debug_info     0x00000000    0x2750f
 .debug_info    0x00000000      0x7a9 Drivers/STM32F1xx_HAL_Driver/Src/stm32f1xx_hal.o
 .debug_info    0x000007a9      0xe60 Drivers/STM32F1xx_HAL_Driver/Src/stm32f1xx_hal_adc.o
 .debug_info    0x00001609      0xb8a Drivers/STM32F1xx_HAL_Driver/Src/stm32f1xx_hal_adc_ex.o
 .debug_info    0x00002193     0x1247 Drivers/STM32F1xx_HAL_Driver/Src/stm32f1xx_hal_can.o
 .debug_info    0x000033da      0xcaa Drivers/STM32F1xx_HAL_Driver/Src/stm32f1xx_hal_cortex.o
 .debug_info    0x00004084      0x83b Drivers/STM32F1xx_HAL_Driver/Src/stm32f1xx_hal_dma.o
 .debug_info    0x000048bf      0x690 Drivers/STM32F1xx_HAL_Driver/Src/stm32f1xx_hal_gpio.o
 .debug_info    0x00004f4f      0x9e4 Drivers/STM32F1xx_HAL_Driver/Src/stm32f1xx_hal_rcc.o
 .debug_info    0x00005933      0x48c Drivers/STM32F1xx_HAL_Driver/Src/stm32f1xx_hal_rcc_ex.o
 .debug_info    0x00005dbf     0x1acf Drivers/STM32F1xx_HAL_Driver/Src/stm32f1xx_hal_spi.o
 .debug_info    0x0000788e     0x3186 Drivers/STM32F1xx_HAL_Driver/Src/stm32f1xx_hal_tim.o
 .debug_info    0x0000aa14     0x1496 Drivers/STM32F1xx_HAL_Driver/Src/stm32f1xx_hal_tim_ex.o
 .debug_info    0x0000beaa     0x169e Drivers/STM32F1xx_HAL_Driver/Src/stm32f1xx_hal_uart.o
 .debug_info    0x0000d548     0x4b20 Middlewares/Third_Party/FreeRTOS/Source/CMSIS_RTOS_V2/cmsis_os2.o
 .debug_info    0x00012068      0xad2 Middlewares/Third_Party/FreeRTOS/Source/list.o
 .debug_info    0x00012b3a     0x2c63 Middlewares/Third_Party/FreeRTOS/Source/queue.o
 .debug_info    0x0001579d     0x36fc Middlewares/Third_Party/FreeRTOS/Source/tasks.o
 .debug_info    0x00018e99     0x1f8f Middlewares/Third_Party/FreeRTOS/Source/timers.o
 .debug_info    0x0001ae28      0x50b Middlewares/Third_Party/FreeRTOS/Source/portable/GCC/ARM_CM3/port.o
 .debug_info    0x0001b333      0xc71 Middlewares/Third_Party/FreeRTOS/Source/portable/MemMang/heap_4.o
 .debug_info    0x0001bfa4      0xc69 Src/ADC.o
 .debug_info    0x0001cc0d     0x1005 Src/CAN.o
 .debug_info    0x0001dc12     0x1633 Src/SPI.o
 .debug_info    0x0001f245     0x10cc Src/USART.o
 .debug_info    0x00020311     0x2de1 Src/main.o
 .debug_info    0x000230f2     0x1087 Src/stm32f1xx_hal_msp.o
 .debug_info    0x00024179      0x9ba Src/stm32f1xx_hal_timebase_tim.o
 .debug_info    0x00024b33     0x19b8 Src/stm32f1xx_it.o
 .debug_info    0x000264eb      0x436 Src/system_stm32f1xx.o
 .debug_info    0x00026921      0xbcc Src/tim.o
 .debug_info    0x000274ed       0x22 startup/startup_stm32f103xb.o

.debug_abbrev   0x00000000     0x4b29
 .debug_abbrev  0x00000000      0x1fe Drivers/STM32F1xx_HAL_Driver/Src/stm32f1xx_hal.o
 .debug_abbrev  0x000001fe      0x1ee Drivers/STM32F1xx_HAL_Driver/Src/stm32f1xx_hal_adc.o
 .debug_abbrev  0x000003ec      0x239 Drivers/STM32F1xx_HAL_Driver/Src/stm32f1xx_hal_adc_ex.o
 .debug_abbrev  0x00000625      0x245 Drivers/STM32F1xx_HAL_Driver/Src/stm32f1xx_hal_can.o
 .debug_abbrev  0x0000086a      0x303 Drivers/STM32F1xx_HAL_Driver/Src/stm32f1xx_hal_cortex.o
 .debug_abbrev  0x00000b6d      0x23c Drivers/STM32F1xx_HAL_Driver/Src/stm32f1xx_hal_dma.o
 .debug_abbrev  0x00000da9      0x1de Drivers/STM32F1xx_HAL_Driver/Src/stm32f1xx_hal_gpio.o
 .debug_abbrev  0x00000f87      0x257 Drivers/STM32F1xx_HAL_Driver/Src/stm32f1xx_hal_rcc.o
 .debug_abbrev  0x000011de      0x1c9 Drivers/STM32F1xx_HAL_Driver/Src/stm32f1xx_hal_rcc_ex.o
 .debug_abbrev  0x000013a7      0x238 Drivers/STM32F1xx_HAL_Driver/Src/stm32f1xx_hal_spi.o
 .debug_abbrev  0x000015df      0x237 Drivers/STM32F1xx_HAL_Driver/Src/stm32f1xx_hal_tim.o
 .debug_abbrev  0x00001816      0x237 Drivers/STM32F1xx_HAL_Driver/Src/stm32f1xx_hal_tim_ex.o
 .debug_abbrev  0x00001a4d      0x25f Drivers/STM32F1xx_HAL_Driver/Src/stm32f1xx_hal_uart.o
 .debug_abbrev  0x00001cac      0x434 Middlewares/Third_Party/FreeRTOS/Source/CMSIS_RTOS_V2/cmsis_os2.o
 .debug_abbrev  0x000020e0      0x223 Middlewares/Third_Party/FreeRTOS/Source/list.o
 .debug_abbrev  0x00002303      0x3ce Middlewares/Third_Party/FreeRTOS/Source/queue.o
 .debug_abbrev  0x000026d1      0x3a8 Middlewares/Third_Party/FreeRTOS/Source/tasks.o
 .debug_abbrev  0x00002a79      0x353 Middlewares/Third_Party/FreeRTOS/Source/timers.o
 .debug_abbrev  0x00002dcc      0x23d Middlewares/Third_Party/FreeRTOS/Source/portable/GCC/ARM_CM3/port.o
 .debug_abbrev  0x00003009      0x318 Middlewares/Third_Party/FreeRTOS/Source/portable/MemMang/heap_4.o
 .debug_abbrev  0x00003321      0x1fb Src/ADC.o
 .debug_abbrev  0x0000351c      0x2d8 Src/CAN.o
 .debug_abbrev  0x000037f4      0x290 Src/SPI.o
 .debug_abbrev  0x00003a84      0x2ca Src/USART.o
 .debug_abbrev  0x00003d4e      0x3e9 Src/main.o
 .debug_abbrev  0x00004137      0x235 Src/stm32f1xx_hal_msp.o
 .debug_abbrev  0x0000436c      0x1f0 Src/stm32f1xx_hal_timebase_tim.o
 .debug_abbrev  0x0000455c      0x29b Src/stm32f1xx_it.o
 .debug_abbrev  0x000047f7      0x134 Src/system_stm32f1xx.o
 .debug_abbrev  0x0000492b      0x1ec Src/tim.o
 .debug_abbrev  0x00004b17       0x12 startup/startup_stm32f103xb.o

.debug_loc      0x00000000    0x13ae0
 .debug_loc     0x00000000      0x104 Drivers/STM32F1xx_HAL_Driver/Src/stm32f1xx_hal.o
 .debug_loc     0x00000104      0x9fa Drivers/STM32F1xx_HAL_Driver/Src/stm32f1xx_hal_adc.o
 .debug_loc     0x00000afe      0x798 Drivers/STM32F1xx_HAL_Driver/Src/stm32f1xx_hal_adc_ex.o
 .debug_loc     0x00001296      0xe4e Drivers/STM32F1xx_HAL_Driver/Src/stm32f1xx_hal_can.o
 .debug_loc     0x000020e4      0x5ad Drivers/STM32F1xx_HAL_Driver/Src/stm32f1xx_hal_cortex.o
 .debug_loc     0x00002691      0x7c6 Drivers/STM32F1xx_HAL_Driver/Src/stm32f1xx_hal_dma.o
 .debug_loc     0x00002e57      0x3b7 Drivers/STM32F1xx_HAL_Driver/Src/stm32f1xx_hal_gpio.o
 .debug_loc     0x0000320e      0x4bb Drivers/STM32F1xx_HAL_Driver/Src/stm32f1xx_hal_rcc.o
 .debug_loc     0x000036c9      0x2d0 Drivers/STM32F1xx_HAL_Driver/Src/stm32f1xx_hal_rcc_ex.o
 .debug_loc     0x00003999     0x195f Drivers/STM32F1xx_HAL_Driver/Src/stm32f1xx_hal_spi.o
 .debug_loc     0x000052f8     0x38d5 Drivers/STM32F1xx_HAL_Driver/Src/stm32f1xx_hal_tim.o
 .debug_loc     0x00008bcd     0x119d Drivers/STM32F1xx_HAL_Driver/Src/stm32f1xx_hal_tim_ex.o
 .debug_loc     0x00009d6a     0x1533 Drivers/STM32F1xx_HAL_Driver/Src/stm32f1xx_hal_uart.o
 .debug_loc     0x0000b29d     0x3f51 Middlewares/Third_Party/FreeRTOS/Source/CMSIS_RTOS_V2/cmsis_os2.o
 .debug_loc     0x0000f1ee       0x70 Middlewares/Third_Party/FreeRTOS/Source/list.o
 .debug_loc     0x0000f25e     0x140a Middlewares/Third_Party/FreeRTOS/Source/queue.o
 .debug_loc     0x00010668     0x1e82 Middlewares/Third_Party/FreeRTOS/Source/tasks.o
 .debug_loc     0x000124ea      0xbe9 Middlewares/Third_Party/FreeRTOS/Source/timers.o
 .debug_loc     0x000130d3       0xce Middlewares/Third_Party/FreeRTOS/Source/portable/GCC/ARM_CM3/port.o
 .debug_loc     0x000131a1      0x291 Middlewares/Third_Party/FreeRTOS/Source/portable/MemMang/heap_4.o
 .debug_loc     0x00013432       0x63 Src/ADC.o
 .debug_loc     0x00013495      0x13b Src/CAN.o
 .debug_loc     0x000135d0       0x5b Src/SPI.o
 .debug_loc     0x0001362b      0x177 Src/USART.o
 .debug_loc     0x000137a2      0x140 Src/main.o
 .debug_loc     0x000138e2       0x79 Src/stm32f1xx_hal_timebase_tim.o
 .debug_loc     0x0001395b       0xdf Src/system_stm32f1xx.o
 .debug_loc     0x00013a3a       0xa6 Src/tim.o

.debug_aranges  0x00000000     0x18f0
 .debug_aranges
                0x00000000       0xe0 Drivers/STM32F1xx_HAL_Driver/Src/stm32f1xx_hal.o
 .debug_aranges
                0x000000e0       0xf0 Drivers/STM32F1xx_HAL_Driver/Src/stm32f1xx_hal_adc.o
 .debug_aranges
                0x000001d0       0x80 Drivers/STM32F1xx_HAL_Driver/Src/stm32f1xx_hal_adc_ex.o
 .debug_aranges
                0x00000250      0x148 Drivers/STM32F1xx_HAL_Driver/Src/stm32f1xx_hal_can.o
 .debug_aranges
                0x00000398       0x90 Drivers/STM32F1xx_HAL_Driver/Src/stm32f1xx_hal_cortex.o
 .debug_aranges
                0x00000428       0x80 Drivers/STM32F1xx_HAL_Driver/Src/stm32f1xx_hal_dma.o
 .debug_aranges
                0x000004a8       0x58 Drivers/STM32F1xx_HAL_Driver/Src/stm32f1xx_hal_gpio.o
 .debug_aranges
                0x00000500       0x90 Drivers/STM32F1xx_HAL_Driver/Src/stm32f1xx_hal_rcc.o
 .debug_aranges
                0x00000590       0x30 Drivers/STM32F1xx_HAL_Driver/Src/stm32f1xx_hal_rcc_ex.o
 .debug_aranges
                0x000005c0      0x1d0 Drivers/STM32F1xx_HAL_Driver/Src/stm32f1xx_hal_spi.o
 .debug_aranges
                0x00000790      0x3a8 Drivers/STM32F1xx_HAL_Driver/Src/stm32f1xx_hal_tim.o
 .debug_aranges
                0x00000b38      0x150 Drivers/STM32F1xx_HAL_Driver/Src/stm32f1xx_hal_tim_ex.o
 .debug_aranges
                0x00000c88      0x1d0 Drivers/STM32F1xx_HAL_Driver/Src/stm32f1xx_hal_uart.o
 .debug_aranges
                0x00000e58      0x228 Middlewares/Third_Party/FreeRTOS/Source/CMSIS_RTOS_V2/cmsis_os2.o
 .debug_aranges
                0x00001080       0x40 Middlewares/Third_Party/FreeRTOS/Source/list.o
 .debug_aranges
                0x000010c0      0x158 Middlewares/Third_Party/FreeRTOS/Source/queue.o
 .debug_aranges
                0x00001218      0x210 Middlewares/Third_Party/FreeRTOS/Source/tasks.o
 .debug_aranges
                0x00001428       0xe0 Middlewares/Third_Party/FreeRTOS/Source/timers.o
 .debug_aranges
                0x00001508       0x78 Middlewares/Third_Party/FreeRTOS/Source/portable/GCC/ARM_CM3/port.o
 .debug_aranges
                0x00001580       0x50 Middlewares/Third_Party/FreeRTOS/Source/portable/MemMang/heap_4.o
 .debug_aranges
                0x000015d0       0x30 Src/ADC.o
 .debug_aranges
                0x00001600       0x60 Src/CAN.o
 .debug_aranges
                0x00001660       0x30 Src/SPI.o
 .debug_aranges
                0x00001690       0x58 Src/USART.o
 .debug_aranges
                0x000016e8       0x90 Src/main.o
 .debug_aranges
                0x00001778       0x20 Src/stm32f1xx_hal_msp.o
 .debug_aranges
                0x00001798       0x30 Src/stm32f1xx_hal_timebase_tim.o
 .debug_aranges
                0x000017c8       0xa0 Src/stm32f1xx_it.o
 .debug_aranges
                0x00001868       0x28 Src/system_stm32f1xx.o
 .debug_aranges
                0x00001890       0x38 Src/tim.o
 .debug_aranges
                0x000018c8       0x28 startup/startup_stm32f103xb.o

.debug_ranges   0x00000000     0x19c8
 .debug_ranges  0x00000000       0xd0 Drivers/STM32F1xx_HAL_Driver/Src/stm32f1xx_hal.o
 .debug_ranges  0x000000d0       0xe0 Drivers/STM32F1xx_HAL_Driver/Src/stm32f1xx_hal_adc.o
 .debug_ranges  0x000001b0       0x70 Drivers/STM32F1xx_HAL_Driver/Src/stm32f1xx_hal_adc_ex.o
 .debug_ranges  0x00000220      0x138 Drivers/STM32F1xx_HAL_Driver/Src/stm32f1xx_hal_can.o
 .debug_ranges  0x00000358       0xe0 Drivers/STM32F1xx_HAL_Driver/Src/stm32f1xx_hal_cortex.o
 .debug_ranges  0x00000438       0x70 Drivers/STM32F1xx_HAL_Driver/Src/stm32f1xx_hal_dma.o
 .debug_ranges  0x000004a8       0x48 Drivers/STM32F1xx_HAL_Driver/Src/stm32f1xx_hal_gpio.o
 .debug_ranges  0x000004f0       0xa0 Drivers/STM32F1xx_HAL_Driver/Src/stm32f1xx_hal_rcc.o
 .debug_ranges  0x00000590       0x38 Drivers/STM32F1xx_HAL_Driver/Src/stm32f1xx_hal_rcc_ex.o
 .debug_ranges  0x000005c8      0x1c0 Drivers/STM32F1xx_HAL_Driver/Src/stm32f1xx_hal_spi.o
 .debug_ranges  0x00000788      0x398 Drivers/STM32F1xx_HAL_Driver/Src/stm32f1xx_hal_tim.o
 .debug_ranges  0x00000b20      0x140 Drivers/STM32F1xx_HAL_Driver/Src/stm32f1xx_hal_tim_ex.o
 .debug_ranges  0x00000c60      0x1c0 Drivers/STM32F1xx_HAL_Driver/Src/stm32f1xx_hal_uart.o
 .debug_ranges  0x00000e20      0x218 Middlewares/Third_Party/FreeRTOS/Source/CMSIS_RTOS_V2/cmsis_os2.o
 .debug_ranges  0x00001038       0x30 Middlewares/Third_Party/FreeRTOS/Source/list.o
 .debug_ranges  0x00001068      0x228 Middlewares/Third_Party/FreeRTOS/Source/queue.o
 .debug_ranges  0x00001290      0x318 Middlewares/Third_Party/FreeRTOS/Source/tasks.o
 .debug_ranges  0x000015a8       0xd0 Middlewares/Third_Party/FreeRTOS/Source/timers.o
 .debug_ranges  0x00001678       0x68 Middlewares/Third_Party/FreeRTOS/Source/portable/GCC/ARM_CM3/port.o
 .debug_ranges  0x000016e0       0x40 Middlewares/Third_Party/FreeRTOS/Source/portable/MemMang/heap_4.o
 .debug_ranges  0x00001720       0x20 Src/ADC.o
 .debug_ranges  0x00001740       0x50 Src/CAN.o
 .debug_ranges  0x00001790       0x20 Src/SPI.o
 .debug_ranges  0x000017b0       0x48 Src/USART.o
 .debug_ranges  0x000017f8       0xb0 Src/main.o
 .debug_ranges  0x000018a8       0x10 Src/stm32f1xx_hal_msp.o
 .debug_ranges  0x000018b8       0x20 Src/stm32f1xx_hal_timebase_tim.o
 .debug_ranges  0x000018d8       0x90 Src/stm32f1xx_it.o
 .debug_ranges  0x00001968       0x18 Src/system_stm32f1xx.o
 .debug_ranges  0x00001980       0x28 Src/tim.o
 .debug_ranges  0x000019a8       0x20 startup/startup_stm32f103xb.o

.debug_macro    0x00000000    0x18745
 .debug_macro   0x00000000      0x1e6 Drivers/STM32F1xx_HAL_Driver/Src/stm32f1xx_hal.o
 .debug_macro   0x000001e6      0xa54 Drivers/STM32F1xx_HAL_Driver/Src/stm32f1xx_hal.o
 .debug_macro   0x00000c3a      0x233 Drivers/STM32F1xx_HAL_Driver/Src/stm32f1xx_hal.o
 .debug_macro   0x00000e6d       0x2e Drivers/STM32F1xx_HAL_Driver/Src/stm32f1xx_hal.o
 .debug_macro   0x00000e9b       0x22 Drivers/STM32F1xx_HAL_Driver/Src/stm32f1xx_hal.o
 .debug_macro   0x00000ebd       0x22 Drivers/STM32F1xx_HAL_Driver/Src/stm32f1xx_hal.o
 .debug_macro   0x00000edf       0x8e Drivers/STM32F1xx_HAL_Driver/Src/stm32f1xx_hal.o
 .debug_macro   0x00000f6d       0x51 Drivers/STM32F1xx_HAL_Driver/Src/stm32f1xx_hal.o
 .debug_macro   0x00000fbe       0xef Drivers/STM32F1xx_HAL_Driver/Src/stm32f1xx_hal.o
 .debug_macro   0x000010ad       0x6a Drivers/STM32F1xx_HAL_Driver/Src/stm32f1xx_hal.o
 .debug_macro   0x00001117      0x1df Drivers/STM32F1xx_HAL_Driver/Src/stm32f1xx_hal.o
 .debug_macro   0x000012f6       0x1c Drivers/STM32F1xx_HAL_Driver/Src/stm32f1xx_hal.o
 .debug_macro   0x00001312       0x22 Drivers/STM32F1xx_HAL_Driver/Src/stm32f1xx_hal.o
 .debug_macro   0x00001334       0xc3 Drivers/STM32F1xx_HAL_Driver/Src/stm32f1xx_hal.o
 .debug_macro   0x000013f7      0xd23 Drivers/STM32F1xx_HAL_Driver/Src/stm32f1xx_hal.o
 .debug_macro   0x0000211a     0xe09e Drivers/STM32F1xx_HAL_Driver/Src/stm32f1xx_hal.o
 .debug_macro   0x000101b8       0x43 Drivers/STM32F1xx_HAL_Driver/Src/stm32f1xx_hal.o
 .debug_macro   0x000101fb      0x174 Drivers/STM32F1xx_HAL_Driver/Src/stm32f1xx_hal.o
 .debug_macro   0x0001036f       0x5a Drivers/STM32F1xx_HAL_Driver/Src/stm32f1xx_hal.o
 .debug_macro   0x000103c9      0x5be Drivers/STM32F1xx_HAL_Driver/Src/stm32f1xx_hal.o
 .debug_macro   0x00010987      0x289 Drivers/STM32F1xx_HAL_Driver/Src/stm32f1xx_hal.o
 .debug_macro   0x00010c10      0x1cb Drivers/STM32F1xx_HAL_Driver/Src/stm32f1xx_hal.o
 .debug_macro   0x00010ddb      0x114 Drivers/STM32F1xx_HAL_Driver/Src/stm32f1xx_hal.o
 .debug_macro   0x00010eef      0x1b2 Drivers/STM32F1xx_HAL_Driver/Src/stm32f1xx_hal.o
 .debug_macro   0x000110a1       0x27 Drivers/STM32F1xx_HAL_Driver/Src/stm32f1xx_hal.o
 .debug_macro   0x000110c8      0x136 Drivers/STM32F1xx_HAL_Driver/Src/stm32f1xx_hal.o
 .debug_macro   0x000111fe      0x1bc Drivers/STM32F1xx_HAL_Driver/Src/stm32f1xx_hal.o
 .debug_macro   0x000113ba       0x34 Drivers/STM32F1xx_HAL_Driver/Src/stm32f1xx_hal.o
 .debug_macro   0x000113ee       0x3c Drivers/STM32F1xx_HAL_Driver/Src/stm32f1xx_hal.o
 .debug_macro   0x0001142a      0x42b Drivers/STM32F1xx_HAL_Driver/Src/stm32f1xx_hal.o
 .debug_macro   0x00011855       0x57 Drivers/STM32F1xx_HAL_Driver/Src/stm32f1xx_hal.o
 .debug_macro   0x000118ac      0x46a Drivers/STM32F1xx_HAL_Driver/Src/stm32f1xx_hal.o
 .debug_macro   0x00011d16      0x1b5 Drivers/STM32F1xx_HAL_Driver/Src/stm32f1xx_hal.o
 .debug_macro   0x00011ecb       0x88 Drivers/STM32F1xx_HAL_Driver/Src/stm32f1xx_hal.o
 .debug_macro   0x00011f53      0x241 Drivers/STM32F1xx_HAL_Driver/Src/stm32f1xx_hal.o
 .debug_macro   0x00012194      0x141 Drivers/STM32F1xx_HAL_Driver/Src/stm32f1xx_hal.o
 .debug_macro   0x000122d5      0x217 Drivers/STM32F1xx_HAL_Driver/Src/stm32f1xx_hal.o
 .debug_macro   0x000124ec      0x88b Drivers/STM32F1xx_HAL_Driver/Src/stm32f1xx_hal.o
 .debug_macro   0x00012d77      0x26b Drivers/STM32F1xx_HAL_Driver/Src/stm32f1xx_hal.o
 .debug_macro   0x00012fe2       0x83 Drivers/STM32F1xx_HAL_Driver/Src/stm32f1xx_hal.o
 .debug_macro   0x00013065      0x1df Drivers/STM32F1xx_HAL_Driver/Src/stm32f1xx_hal_adc.o
 .debug_macro   0x00013244      0x1d4 Drivers/STM32F1xx_HAL_Driver/Src/stm32f1xx_hal_adc_ex.o
 .debug_macro   0x00013418      0x1ca Drivers/STM32F1xx_HAL_Driver/Src/stm32f1xx_hal_can.o
 .debug_macro   0x000135e2      0x1c2 Drivers/STM32F1xx_HAL_Driver/Src/stm32f1xx_hal_cortex.o
 .debug_macro   0x000137a4      0x1c2 Drivers/STM32F1xx_HAL_Driver/Src/stm32f1xx_hal_dma.o
 .debug_macro   0x00013966      0x22d Drivers/STM32F1xx_HAL_Driver/Src/stm32f1xx_hal_gpio.o
 .debug_macro   0x00013b93      0x1d4 Drivers/STM32F1xx_HAL_Driver/Src/stm32f1xx_hal_rcc.o
 .debug_macro   0x00013d67      0x1c2 Drivers/STM32F1xx_HAL_Driver/Src/stm32f1xx_hal_rcc_ex.o
 .debug_macro   0x00013f29      0x1ca Drivers/STM32F1xx_HAL_Driver/Src/stm32f1xx_hal_spi.o
 .debug_macro   0x000140f3      0x1c3 Drivers/STM32F1xx_HAL_Driver/Src/stm32f1xx_hal_tim.o
 .debug_macro   0x000142b6      0x1c2 Drivers/STM32F1xx_HAL_Driver/Src/stm32f1xx_hal_tim_ex.o
 .debug_macro   0x00014478      0x1c3 Drivers/STM32F1xx_HAL_Driver/Src/stm32f1xx_hal_uart.o
 .debug_macro   0x0001463b      0x235 Middlewares/Third_Party/FreeRTOS/Source/CMSIS_RTOS_V2/cmsis_os2.o
 .debug_macro   0x00014870       0x58 Middlewares/Third_Party/FreeRTOS/Source/CMSIS_RTOS_V2/cmsis_os2.o
 .debug_macro   0x000148c8       0x18 Middlewares/Third_Party/FreeRTOS/Source/CMSIS_RTOS_V2/cmsis_os2.o
 .debug_macro   0x000148e0       0x94 Middlewares/Third_Party/FreeRTOS/Source/CMSIS_RTOS_V2/cmsis_os2.o
 .debug_macro   0x00014974       0x35 Middlewares/Third_Party/FreeRTOS/Source/CMSIS_RTOS_V2/cmsis_os2.o
 .debug_macro   0x000149a9       0x34 Middlewares/Third_Party/FreeRTOS/Source/CMSIS_RTOS_V2/cmsis_os2.o
 .debug_macro   0x000149dd       0x57 Middlewares/Third_Party/FreeRTOS/Source/CMSIS_RTOS_V2/cmsis_os2.o
 .debug_macro   0x00014a34       0x58 Middlewares/Third_Party/FreeRTOS/Source/CMSIS_RTOS_V2/cmsis_os2.o
 .debug_macro   0x00014a8c       0x1f Middlewares/Third_Party/FreeRTOS/Source/CMSIS_RTOS_V2/cmsis_os2.o
 .debug_macro   0x00014aab       0x43 Middlewares/Third_Party/FreeRTOS/Source/CMSIS_RTOS_V2/cmsis_os2.o
 .debug_macro   0x00014aee       0x20 Middlewares/Third_Party/FreeRTOS/Source/CMSIS_RTOS_V2/cmsis_os2.o
 .debug_macro   0x00014b0e      0x18e Middlewares/Third_Party/FreeRTOS/Source/CMSIS_RTOS_V2/cmsis_os2.o
 .debug_macro   0x00014c9c      0x330 Middlewares/Third_Party/FreeRTOS/Source/CMSIS_RTOS_V2/cmsis_os2.o
 .debug_macro   0x00014fcc       0x10 Middlewares/Third_Party/FreeRTOS/Source/CMSIS_RTOS_V2/cmsis_os2.o
 .debug_macro   0x00014fdc       0x35 Middlewares/Third_Party/FreeRTOS/Source/CMSIS_RTOS_V2/cmsis_os2.o
 .debug_macro   0x00015011       0x10 Middlewares/Third_Party/FreeRTOS/Source/CMSIS_RTOS_V2/cmsis_os2.o
 .debug_macro   0x00015021       0x74 Middlewares/Third_Party/FreeRTOS/Source/CMSIS_RTOS_V2/cmsis_os2.o
 .debug_macro   0x00015095       0xb7 Middlewares/Third_Party/FreeRTOS/Source/CMSIS_RTOS_V2/cmsis_os2.o
 .debug_macro   0x0001514c      0x148 Middlewares/Third_Party/FreeRTOS/Source/CMSIS_RTOS_V2/cmsis_os2.o
 .debug_macro   0x00015294      0x15a Middlewares/Third_Party/FreeRTOS/Source/CMSIS_RTOS_V2/cmsis_os2.o
 .debug_macro   0x000153ee       0xc2 Middlewares/Third_Party/FreeRTOS/Source/CMSIS_RTOS_V2/cmsis_os2.o
 .debug_macro   0x000154b0       0x10 Middlewares/Third_Party/FreeRTOS/Source/CMSIS_RTOS_V2/cmsis_os2.o
 .debug_macro   0x000154c0       0x1f Middlewares/Third_Party/FreeRTOS/Source/CMSIS_RTOS_V2/cmsis_os2.o
 .debug_macro   0x000154df      0x463 Middlewares/Third_Party/FreeRTOS/Source/CMSIS_RTOS_V2/cmsis_os2.o
 .debug_macro   0x00015942       0xb5 Middlewares/Third_Party/FreeRTOS/Source/CMSIS_RTOS_V2/cmsis_os2.o
 .debug_macro   0x000159f7       0x8c Middlewares/Third_Party/FreeRTOS/Source/CMSIS_RTOS_V2/cmsis_os2.o
 .debug_macro   0x00015a83       0x91 Middlewares/Third_Party/FreeRTOS/Source/CMSIS_RTOS_V2/cmsis_os2.o
 .debug_macro   0x00015b14       0x8d Middlewares/Third_Party/FreeRTOS/Source/CMSIS_RTOS_V2/cmsis_os2.o
 .debug_macro   0x00015ba1       0x9a Middlewares/Third_Party/FreeRTOS/Source/CMSIS_RTOS_V2/cmsis_os2.o
 .debug_macro   0x00015c3b      0x17a Middlewares/Third_Party/FreeRTOS/Source/list.o
 .debug_macro   0x00015db5      0x200 Middlewares/Third_Party/FreeRTOS/Source/queue.o
 .debug_macro   0x00015fb5       0x16 Middlewares/Third_Party/FreeRTOS/Source/queue.o
 .debug_macro   0x00015fcb      0x275 Middlewares/Third_Party/FreeRTOS/Source/tasks.o
 .debug_macro   0x00016240       0x10 Middlewares/Third_Party/FreeRTOS/Source/tasks.o
 .debug_macro   0x00016250      0x1bd Middlewares/Third_Party/FreeRTOS/Source/timers.o
 .debug_macro   0x0001640d      0x172 Middlewares/Third_Party/FreeRTOS/Source/portable/GCC/ARM_CM3/port.o
 .debug_macro   0x0001657f      0x1a1 Middlewares/Third_Party/FreeRTOS/Source/portable/MemMang/heap_4.o
 .debug_macro   0x00016720      0x1d5 Src/ADC.o
 .debug_macro   0x000168f5      0x238 Src/ADC.o
 .debug_macro   0x00016b2d      0x1df Src/CAN.o
 .debug_macro   0x00016d0c      0x3c7 Src/SPI.o
 .debug_macro   0x000170d3       0xfa Src/SPI.o
 .debug_macro   0x000171cd      0x1ee Src/USART.o
 .debug_macro   0x000173bb      0x430 Src/main.o
 .debug_macro   0x000177eb       0x5b Src/main.o
 .debug_macro   0x00017846      0x148 Src/main.o
 .debug_macro   0x0001798e       0xdd Src/main.o
 .debug_macro   0x00017a6b      0x3bd Src/stm32f1xx_hal_msp.o
 .debug_macro   0x00017e28      0x1c2 Src/stm32f1xx_hal_timebase_tim.o
 .debug_macro   0x00017fea      0x3c7 Src/stm32f1xx_it.o
 .debug_macro   0x000183b1      0x1c8 Src/system_stm32f1xx.o
 .debug_macro   0x00018579      0x1cc Src/tim.o

.debug_line     0x00000000    0x152a9
 .debug_line    0x00000000      0x90d Drivers/STM32F1xx_HAL_Driver/Src/stm32f1xx_hal.o
 .debug_line    0x0000090d      0xc7c Drivers/STM32F1xx_HAL_Driver/Src/stm32f1xx_hal_adc.o
 .debug_line    0x00001589      0xacc Drivers/STM32F1xx_HAL_Driver/Src/stm32f1xx_hal_adc_ex.o
 .debug_line    0x00002055      0xd1b Drivers/STM32F1xx_HAL_Driver/Src/stm32f1xx_hal_can.o
 .debug_line    0x00002d70      0x91b Drivers/STM32F1xx_HAL_Driver/Src/stm32f1xx_hal_cortex.o
 .debug_line    0x0000368b      0xab7 Drivers/STM32F1xx_HAL_Driver/Src/stm32f1xx_hal_dma.o
 .debug_line    0x00004142      0x8e0 Drivers/STM32F1xx_HAL_Driver/Src/stm32f1xx_hal_gpio.o
 .debug_line    0x00004a22      0xa16 Drivers/STM32F1xx_HAL_Driver/Src/stm32f1xx_hal_rcc.o
 .debug_line    0x00005438      0x7f9 Drivers/STM32F1xx_HAL_Driver/Src/stm32f1xx_hal_rcc_ex.o
 .debug_line    0x00005c31     0x1169 Drivers/STM32F1xx_HAL_Driver/Src/stm32f1xx_hal_spi.o
 .debug_line    0x00006d9a     0x185d Drivers/STM32F1xx_HAL_Driver/Src/stm32f1xx_hal_tim.o
 .debug_line    0x000085f7      0xd4c Drivers/STM32F1xx_HAL_Driver/Src/stm32f1xx_hal_tim_ex.o
 .debug_line    0x00009343     0x1053 Drivers/STM32F1xx_HAL_Driver/Src/stm32f1xx_hal_uart.o
 .debug_line    0x0000a396     0x1992 Middlewares/Third_Party/FreeRTOS/Source/CMSIS_RTOS_V2/cmsis_os2.o
 .debug_line    0x0000bd28      0x5fe Middlewares/Third_Party/FreeRTOS/Source/list.o
 .debug_line    0x0000c326      0xe12 Middlewares/Third_Party/FreeRTOS/Source/queue.o
 .debug_line    0x0000d138     0x12dd Middlewares/Third_Party/FreeRTOS/Source/tasks.o
 .debug_line    0x0000e415      0x8e1 Middlewares/Third_Party/FreeRTOS/Source/timers.o
 .debug_line    0x0000ecf6      0x68d Middlewares/Third_Party/FreeRTOS/Source/portable/GCC/ARM_CM3/port.o
 .debug_line    0x0000f383      0x6b3 Middlewares/Third_Party/FreeRTOS/Source/portable/MemMang/heap_4.o
 .debug_line    0x0000fa36      0x79c Src/ADC.o
 .debug_line    0x000101d2      0x84c Src/CAN.o
 .debug_line    0x00010a1e      0x92b Src/SPI.o
 .debug_line    0x00011349      0x875 Src/USART.o
 .debug_line    0x00011bbe      0xd0f Src/main.o
 .debug_line    0x000128cd      0x8ee Src/stm32f1xx_hal_msp.o
 .debug_line    0x000131bb      0x761 Src/stm32f1xx_hal_timebase_tim.o
 .debug_line    0x0001391c      0xa0f Src/stm32f1xx_it.o
 .debug_line    0x0001432b      0x766 Src/system_stm32f1xx.o
 .debug_line    0x00014a91      0x79b Src/tim.o
 .debug_line    0x0001522c       0x7d startup/startup_stm32f103xb.o

.debug_str      0x00000000    0x8653c
 .debug_str     0x00000000    0x72d48 Drivers/STM32F1xx_HAL_Driver/Src/stm32f1xx_hal.o
                              0x730a9 (size before relaxing)
 .debug_str     0x00072d48      0x68c Drivers/STM32F1xx_HAL_Driver/Src/stm32f1xx_hal_adc.o
                              0x730d2 (size before relaxing)
 .debug_str     0x000733d4      0x2d8 Drivers/STM32F1xx_HAL_Driver/Src/stm32f1xx_hal_adc_ex.o
                              0x7308a (size before relaxing)
 .debug_str     0x000736ac      0x8da Drivers/STM32F1xx_HAL_Driver/Src/stm32f1xx_hal_can.o
                              0x7333e (size before relaxing)
 .debug_str     0x00073f86      0x2af Drivers/STM32F1xx_HAL_Driver/Src/stm32f1xx_hal_cortex.o
                              0x73072 (size before relaxing)
 .debug_str     0x00074235      0x216 Drivers/STM32F1xx_HAL_Driver/Src/stm32f1xx_hal_dma.o
                              0x72dc0 (size before relaxing)
 .debug_str     0x0007444b      0x3a4 Drivers/STM32F1xx_HAL_Driver/Src/stm32f1xx_hal_gpio.o
                              0x72d9d (size before relaxing)
 .debug_str     0x000747ef      0x373 Drivers/STM32F1xx_HAL_Driver/Src/stm32f1xx_hal_rcc.o
                              0x72dfd (size before relaxing)
 .debug_str     0x00074b62      0x110 Drivers/STM32F1xx_HAL_Driver/Src/stm32f1xx_hal_rcc_ex.o
                              0x72b84 (size before relaxing)
 .debug_str     0x00074c72      0x6fe Drivers/STM32F1xx_HAL_Driver/Src/stm32f1xx_hal_spi.o
                              0x73300 (size before relaxing)
 .debug_str     0x00075370      0xfe1 Drivers/STM32F1xx_HAL_Driver/Src/stm32f1xx_hal_tim.o
                              0x73bf4 (size before relaxing)
 .debug_str     0x00076351      0x548 Drivers/STM32F1xx_HAL_Driver/Src/stm32f1xx_hal_tim_ex.o
                              0x7340c (size before relaxing)
 .debug_str     0x00076899      0x67c Drivers/STM32F1xx_HAL_Driver/Src/stm32f1xx_hal_uart.o
                              0x7333c (size before relaxing)
 .debug_str     0x00076f15     0x9723 Middlewares/Third_Party/FreeRTOS/Source/CMSIS_RTOS_V2/cmsis_os2.o
                               0xde95 (size before relaxing)
 .debug_str     0x00080638      0x225 Middlewares/Third_Party/FreeRTOS/Source/list.o
                               0xa03b (size before relaxing)
 .debug_str     0x0008085d      0x86c Middlewares/Third_Party/FreeRTOS/Source/queue.o
                               0xb9e5 (size before relaxing)
 .debug_str     0x000810c9     0x1124 Middlewares/Third_Party/FreeRTOS/Source/tasks.o
                               0xc5c6 (size before relaxing)
 .debug_str     0x000821ed      0x50c Middlewares/Third_Party/FreeRTOS/Source/timers.o
                               0xbf05 (size before relaxing)
 .debug_str     0x000826f9      0x66e Middlewares/Third_Party/FreeRTOS/Source/portable/GCC/ARM_CM3/port.o
                               0x8016 (size before relaxing)
 .debug_str     0x00082d67      0x23a Middlewares/Third_Party/FreeRTOS/Source/portable/MemMang/heap_4.o
                               0xa77d (size before relaxing)
 .debug_str     0x00082fa1      0x85f Src/ADC.o
                              0x7392f (size before relaxing)
 .debug_str     0x00083800      0x172 Src/CAN.o
                              0x73c46 (size before relaxing)
 .debug_str     0x00083972     0x1ca0 Src/SPI.o
                              0x78350 (size before relaxing)
 .debug_str     0x00085612      0x112 Src/USART.o
                              0x73cd3 (size before relaxing)
 .debug_str     0x00085724      0xbd7 Src/main.o
                              0x7ccd1 (size before relaxing)
 .debug_str     0x000862fb       0x1b Src/stm32f1xx_hal_msp.o
                              0x77f32 (size before relaxing)
 .debug_str     0x00086316       0x50 Src/stm32f1xx_hal_timebase_tim.o
                              0x731ac (size before relaxing)
 .debug_str     0x00086366      0x119 Src/stm32f1xx_it.o
                              0x786ef (size before relaxing)
 .debug_str     0x0008647f       0x69 Src/system_stm32f1xx.o
                              0x72a4e (size before relaxing)
 .debug_str     0x000864e8       0x25 Src/tim.o
                              0x731f1 (size before relaxing)
 .debug_str     0x0008650d       0x2f startup/startup_stm32f103xb.o
                                 0x91 (size before relaxing)

.comment        0x00000000       0x7f
 .comment       0x00000000       0x7f Drivers/STM32F1xx_HAL_Driver/Src/stm32f1xx_hal.o
                                 0x80 (size before relaxing)
 .comment       0x0000007f       0x80 Drivers/STM32F1xx_HAL_Driver/Src/stm32f1xx_hal_adc.o
 .comment       0x0000007f       0x80 Drivers/STM32F1xx_HAL_Driver/Src/stm32f1xx_hal_adc_ex.o
 .comment       0x0000007f       0x80 Drivers/STM32F1xx_HAL_Driver/Src/stm32f1xx_hal_can.o
 .comment       0x0000007f       0x80 Drivers/STM32F1xx_HAL_Driver/Src/stm32f1xx_hal_cortex.o
 .comment       0x0000007f       0x80 Drivers/STM32F1xx_HAL_Driver/Src/stm32f1xx_hal_dma.o
 .comment       0x0000007f       0x80 Drivers/STM32F1xx_HAL_Driver/Src/stm32f1xx_hal_gpio.o
 .comment       0x0000007f       0x80 Drivers/STM32F1xx_HAL_Driver/Src/stm32f1xx_hal_rcc.o
 .comment       0x0000007f       0x80 Drivers/STM32F1xx_HAL_Driver/Src/stm32f1xx_hal_rcc_ex.o
 .comment       0x0000007f       0x80 Drivers/STM32F1xx_HAL_Driver/Src/stm32f1xx_hal_spi.o
 .comment       0x0000007f       0x80 Drivers/STM32F1xx_HAL_Driver/Src/stm32f1xx_hal_tim.o
 .comment       0x0000007f       0x80 Drivers/STM32F1xx_HAL_Driver/Src/stm32f1xx_hal_tim_ex.o
 .comment       0x0000007f       0x80 Drivers/STM32F1xx_HAL_Driver/Src/stm32f1xx_hal_uart.o
 .comment       0x0000007f       0x80 Middlewares/Third_Party/FreeRTOS/Source/CMSIS_RTOS_V2/cmsis_os2.o
 .comment       0x0000007f       0x80 Middlewares/Third_Party/FreeRTOS/Source/list.o
 .comment       0x0000007f       0x80 Middlewares/Third_Party/FreeRTOS/Source/queue.o
 .comment       0x0000007f       0x80 Middlewares/Third_Party/FreeRTOS/Source/tasks.o
 .comment       0x0000007f       0x80 Middlewares/Third_Party/FreeRTOS/Source/timers.o
 .comment       0x0000007f       0x80 Middlewares/Third_Party/FreeRTOS/Source/portable/GCC/ARM_CM3/port.o
 .comment       0x0000007f       0x80 Middlewares/Third_Party/FreeRTOS/Source/portable/MemMang/heap_4.o
 .comment       0x0000007f       0x80 Src/ADC.o
 .comment       0x0000007f       0x80 Src/CAN.o
 .comment       0x0000007f       0x80 Src/SPI.o
 .comment       0x0000007f       0x80 Src/USART.o
 .comment       0x0000007f       0x80 Src/main.o
 .comment       0x0000007f       0x80 Src/stm32f1xx_hal_msp.o
 .comment       0x0000007f       0x80 Src/stm32f1xx_hal_timebase_tim.o
 .comment       0x0000007f       0x80 Src/stm32f1xx_it.o
 .comment       0x0000007f       0x80 Src/system_stm32f1xx.o
 .comment       0x0000007f       0x80 Src/tim.o

.debug_frame    0x00000000     0x47f0
 .debug_frame   0x00000000      0x1d0 Drivers/STM32F1xx_HAL_Driver/Src/stm32f1xx_hal.o
 .debug_frame   0x000001d0      0x2c4 Drivers/STM32F1xx_HAL_Driver/Src/stm32f1xx_hal_adc.o
 .debug_frame   0x00000494      0x190 Drivers/STM32F1xx_HAL_Driver/Src/stm32f1xx_hal_adc_ex.o
 .debug_frame   0x00000624      0x340 Drivers/STM32F1xx_HAL_Driver/Src/stm32f1xx_hal_can.o
 .debug_frame   0x00000964      0x12c Drivers/STM32F1xx_HAL_Driver/Src/stm32f1xx_hal_cortex.o
 .debug_frame   0x00000a90      0x148 Drivers/STM32F1xx_HAL_Driver/Src/stm32f1xx_hal_dma.o
 .debug_frame   0x00000bd8       0xe8 Drivers/STM32F1xx_HAL_Driver/Src/stm32f1xx_hal_gpio.o
 .debug_frame   0x00000cc0      0x198 Drivers/STM32F1xx_HAL_Driver/Src/stm32f1xx_hal_rcc.o
 .debug_frame   0x00000e58       0x6c Drivers/STM32F1xx_HAL_Driver/Src/stm32f1xx_hal_rcc_ex.o
 .debug_frame   0x00000ec4      0x58c Drivers/STM32F1xx_HAL_Driver/Src/stm32f1xx_hal_spi.o
 .debug_frame   0x00001450      0xa90 Drivers/STM32F1xx_HAL_Driver/Src/stm32f1xx_hal_tim.o
 .debug_frame   0x00001ee0      0x3b8 Drivers/STM32F1xx_HAL_Driver/Src/stm32f1xx_hal_tim_ex.o
 .debug_frame   0x00002298      0x4e8 Drivers/STM32F1xx_HAL_Driver/Src/stm32f1xx_hal_uart.o
 .debug_frame   0x00002780      0x7a0 Middlewares/Third_Party/FreeRTOS/Source/CMSIS_RTOS_V2/cmsis_os2.o
 .debug_frame   0x00002f20       0x6c Middlewares/Third_Party/FreeRTOS/Source/list.o
 .debug_frame   0x00002f8c      0x434 Middlewares/Third_Party/FreeRTOS/Source/queue.o
 .debug_frame   0x000033c0      0x6a0 Middlewares/Third_Party/FreeRTOS/Source/tasks.o
 .debug_frame   0x00003a60      0x2c8 Middlewares/Third_Party/FreeRTOS/Source/timers.o
 .debug_frame   0x00003d28       0xf0 Middlewares/Third_Party/FreeRTOS/Source/portable/GCC/ARM_CM3/port.o
 .debug_frame   0x00003e18       0xac Middlewares/Third_Party/FreeRTOS/Source/portable/MemMang/heap_4.o
 .debug_frame   0x00003ec4       0x6c Src/ADC.o
 .debug_frame   0x00003f30       0xf8 Src/CAN.o
 .debug_frame   0x00004028       0x60 Src/SPI.o
 .debug_frame   0x00004088      0x11c Src/USART.o
 .debug_frame   0x000041a4      0x1b8 Src/main.o
 .debug_frame   0x0000435c       0x28 Src/stm32f1xx_hal_msp.o
 .debug_frame   0x00004384       0x50 Src/stm32f1xx_hal_timebase_tim.o
 .debug_frame   0x000043d4      0x178 Src/stm32f1xx_it.o
 .debug_frame   0x0000454c       0x30 Src/system_stm32f1xx.o
 .debug_frame   0x0000457c       0x88 Src/tim.o
 .debug_frame   0x00004604       0xac c:/ac6/systemworkbench/plugins/fr.ac6.mcu.externaltools.arm-none.win32_1.17.0.201812190825/tools/compiler/bin/../lib/gcc/arm-none-eabi/7.3.1/thumb/v7-m\libgcc.a(_arm_addsubdf3.o)
 .debug_frame   0x000046b0       0x24 c:/ac6/systemworkbench/plugins/fr.ac6.mcu.externaltools.arm-none.win32_1.17.0.201812190825/tools/compiler/bin/../lib/gcc/arm-none-eabi/7.3.1/thumb/v7-m\libgcc.a(_arm_truncdfsf2.o)
 .debug_frame   0x000046d4       0x4c c:/ac6/systemworkbench/plugins/fr.ac6.mcu.externaltools.arm-none.win32_1.17.0.201812190825/tools/compiler/bin/../lib/gcc/arm-none-eabi/7.3.1/thumb/v7-m\libgcc.a(_arm_addsubsf3.o)
 .debug_frame   0x00004720       0x38 c:/ac6/systemworkbench/plugins/fr.ac6.mcu.externaltools.arm-none.win32_1.17.0.201812190825/tools/compiler/bin/../lib/gcc/arm-none-eabi/7.3.1/thumb/v7-m\libgcc.a(_arm_muldivsf3.o)
 .debug_frame   0x00004758       0x24 c:/ac6/systemworkbench/plugins/fr.ac6.mcu.externaltools.arm-none.win32_1.17.0.201812190825/tools/compiler/bin/../lib/gcc/arm-none-eabi/7.3.1/thumb/v7-m\libgcc.a(_arm_fixunssfsi.o)
 .debug_frame   0x0000477c       0x2c c:/ac6/systemworkbench/plugins/fr.ac6.mcu.externaltools.arm-none.win32_1.17.0.201812190825/tools/compiler/bin/../lib/gcc/arm-none-eabi/7.3.1/../../../../arm-none-eabi/lib/thumb/v7-m\libc_nano.a(lib_a-init.o)
 .debug_frame   0x000047a8       0x28 c:/ac6/systemworkbench/plugins/fr.ac6.mcu.externaltools.arm-none.win32_1.17.0.201812190825/tools/compiler/bin/../lib/gcc/arm-none-eabi/7.3.1/../../../../arm-none-eabi/lib/thumb/v7-m\libc_nano.a(lib_a-memcpy-stub.o)
 .debug_frame   0x000047d0       0x20 c:/ac6/systemworkbench/plugins/fr.ac6.mcu.externaltools.arm-none.win32_1.17.0.201812190825/tools/compiler/bin/../lib/gcc/arm-none-eabi/7.3.1/../../../../arm-none-eabi/lib/thumb/v7-m\libc_nano.a(lib_a-memset.o)
